2026-04-05 01:30:32,245 [INFO] ============================================================
2026-04-05 01:30:32,246 [INFO]   Uma Musume Array Hunter v2
2026-04-05 01:30:32,246 [INFO]   Looking for arrays containing: [200154, 200152, 200441, 200652, 200722, 201152]
2026-04-05 01:30:32,246 [INFO]   Debug log: C:\Users\nikit\Documents\UmaExtractor\py\hunt_debug.log
2026-04-05 01:30:32,246 [INFO] ============================================================
2026-04-05 01:30:32,246 [INFO] 
2026-04-05 01:30:32,559 [INFO] [OK] Attached: UmamusumePrettyDerby.exe
2026-04-05 01:30:32,559 [DEBUG] Generated JS script length: 7149 chars
2026-04-05 01:30:32,566 [INFO] [*] Loading hunter script...
2026-04-05 01:30:32,581 [INFO] [*] Hunting for 6 IDs across 849 regions...
2026-04-05 01:30:38,713 [DEBUG] Progress: 3%
2026-04-05 01:30:43,210 [DEBUG] Progress: 7%
2026-04-05 01:30:43,898 [DEBUG] Progress: 10%
2026-04-05 01:30:48,409 [DEBUG] Progress: 13%
2026-04-05 01:30:48,900 [DEBUG] Progress: 16%
2026-04-05 01:30:53,827 [DEBUG] Progress: 20%
2026-04-05 01:30:57,397 [DEBUG] Progress: 23%
2026-04-05 01:30:57,568 [INFO] [*] Script load timed out, hunt continues in background...
2026-04-05 01:30:57,568 [INFO] [*] Hunting (up to 30000s)...
2026-04-05 01:30:59,166 [DEBUG] Progress: 26%
2026-04-05 01:31:03,726 [DEBUG] Progress: 29%
2026-04-05 01:31:04,219 [DEBUG] Progress: 33%
2026-04-05 01:31:09,232 [DEBUG] Progress: 36%
2026-04-05 01:31:12,240 [DEBUG] Progress: 39%
2026-04-05 01:31:14,415 [DEBUG] Progress: 43%
2026-04-05 01:31:19,106 [DEBUG] Progress: 46%
2026-04-05 01:31:19,737 [DEBUG] Progress: 49%
2026-04-05 01:31:24,427 [DEBUG] Progress: 52%
2026-04-05 01:31:25,083 [DEBUG] Progress: 56%
2026-04-05 01:31:27,578 [INFO] 
[*] Still running... 30s elapsed
2026-04-05 01:31:29,683 [DEBUG] Progress: 59%
2026-04-05 01:31:34,349 [DEBUG] Progress: 62%
2026-04-05 01:31:35,028 [DEBUG] Progress: 65%
2026-04-05 01:31:39,560 [DEBUG] Progress: 69%
2026-04-05 01:31:40,049 [DEBUG] Progress: 72%
2026-04-05 01:31:45,217 [DEBUG] Progress: 75%
2026-04-05 01:31:48,906 [DEBUG] Progress: 79%
2026-04-05 01:31:50,302 [DEBUG] Progress: 82%
2026-04-05 01:31:55,096 [DEBUG] Progress: 85%
2026-04-05 01:31:55,589 [DEBUG] Progress: 88%
2026-04-05 01:31:57,588 [INFO] 
[*] Still running... 60s elapsed
2026-04-05 01:32:00,339 [DEBUG] Progress: 92%
2026-04-05 01:32:03,607 [DEBUG] Progress: 95%
2026-04-05 01:32:05,524 [DEBUG] Progress: 98%
2026-04-05 01:32:05,607 [INFO] 
[OK] Received 5,651,577 bytes from region #19
2026-04-05 01:32:05,608 [INFO]      Matched 6/6 IDs: [200154, 200152, 200441, 200652, 200722, 201152]
2026-04-05 01:32:05,608 [INFO]      Hit offsets: 20 ({'raw_le32': 20})
2026-04-05 01:32:05,608 [DEBUG]      All hit offsets: [{'id': 200154, 'encoding': 'raw_le32(200154)', 'encodingSize': 4, 'byteOffset': 65584}, {'id': 200154, 'encoding': 'raw_le32(200154)', 'encodingSize': 4, 'byteOffset': 3504649}, {'id': 200154, 'encoding': 'raw_le32(200154)', 'encodingSize': 4, 'byteOffset': 3504673}, {'id': 200154, 'encoding': 'raw_le32(200154)', 'encodingSize': 4, 'byteOffset': 3504697}, {'id': 200152, 'encoding': 'raw_le32(200152)', 'encodingSize': 4, 'byteOffset': 65536}, {'id': 200152, 'encoding': 'raw_le32(200152)', 'encodingSize': 4, 'byteOffset': 3504553}, {'id': 200152, 'encoding': 'raw_le32(200152)', 'encodingSize': 4, 'byteOffset': 3504577}, {'id': 200441, 'encoding': 'raw_le32(200441)', 'encodingSize': 4, 'byteOffset': 72472}, {'id': 200441, 'encoding': 'raw_le32(200441)', 'encodingSize': 4, 'byteOffset': 3519025}, {'id': 200441, 'encoding': 'raw_le32(200441)', 'encodingSize': 4, 'byteOffset': 3519049}, {'id': 200652, 'encoding': 'raw_le32(200652)', 'encodingSize': 4, 'byteOffset': 77536}, {'id': 200652, 'encoding': 'raw_le32(200652)', 'encodingSize': 4, 'byteOffset': 3529633}, {'id': 200652, 'encoding': 'raw_le32(200652)', 'encodingSize': 4, 'byteOffset': 3529657}, {'id': 200652, 'encoding': 'raw_le32(200652)', 'encodingSize': 4, 'byteOffset': 3529681}, {'id': 200722, 'encoding': 'raw_le32(200722)', 'encodingSize': 4, 'byteOffset': 79216}, {'id': 200722, 'encoding': 'raw_le32(200722)', 'encodingSize': 4, 'byteOffset': 3533185}, {'id': 200722, 'encoding': 'raw_le32(200722)', 'encodingSize': 4, 'byteOffset': 3533209}, {'id': 201152, 'encoding': 'raw_le32(201152)', 'encodingSize': 4, 'byteOffset': 89536}, {'id': 201152, 'encoding': 'raw_le32(201152)', 'encodingSize': 4, 'byteOffset': 3554401}, {'id': 201152, 'encoding': 'raw_le32(201152)', 'encodingSize': 4, 'byteOffset': 3554425}]
2026-04-05 01:32:05,609 [INFO] 
[OK] Received 314,664 bytes from region #33
2026-04-05 01:32:05,609 [INFO]      Matched 6/6 IDs: [200154, 200152, 200441, 200652, 200722, 201152]
2026-04-05 01:32:05,609 [INFO]      Hit offsets: 18 ({'raw_le32': 18})
2026-04-05 01:32:05,609 [DEBUG]      All hit offsets: [{'id': 200154, 'encoding': 'raw_le32(200154)', 'encodingSize': 4, 'byteOffset': 68944}, {'id': 200154, 'encoding': 'raw_le32(200154)', 'encodingSize': 4, 'byteOffset': 68952}, {'id': 200152, 'encoding': 'raw_le32(200152)', 'encodingSize': 4, 'byteOffset': 66928}, {'id': 200152, 'encoding': 'raw_le32(200152)', 'encodingSize': 4, 'byteOffset': 66936}, {'id': 200152, 'encoding': 'raw_le32(200152)', 'encodingSize': 4, 'byteOffset': 169932}, {'id': 200152, 'encoding': 'raw_le32(200152)', 'encodingSize': 4, 'byteOffset': 171212}, {'id': 200152, 'encoding': 'raw_le32(200152)', 'encodingSize': 4, 'byteOffset': 245836}, {'id': 200152, 'encoding': 'raw_le32(200152)', 'encodingSize': 4, 'byteOffset': 270668}, {'id': 200152, 'encoding': 'raw_le32(200152)', 'encodingSize': 4, 'byteOffset': 272268}, {'id': 200152, 'encoding': 'raw_le32(200152)', 'encodingSize': 4, 'byteOffset': 272972}, {'id': 200441, 'encoding': 'raw_le32(200441)', 'encodingSize': 4, 'byteOffset': 68776}, {'id': 200441, 'encoding': 'raw_le32(200441)', 'encodingSize': 4, 'byteOffset': 68784}, {'id': 200652, 'encoding': 'raw_le32(200652)', 'encodingSize': 4, 'byteOffset': 67000}, {'id': 200652, 'encoding': 'raw_le32(200652)', 'encodingSize': 4, 'byteOffset': 67008}, {'id': 200722, 'encoding': 'raw_le32(200722)', 'encodingSize': 4, 'byteOffset': 65536}, {'id': 200722, 'encoding': 'raw_le32(200722)', 'encodingSize': 4, 'byteOffset': 65544}, {'id': 201152, 'encoding': 'raw_le32(201152)', 'encodingSize': 4, 'byteOffset': 66232}, {'id': 201152, 'encoding': 'raw_le32(201152)', 'encodingSize': 4, 'byteOffset': 66240}]
2026-04-05 01:32:05,651 [INFO] 
[OK] Received 26,214,400 bytes from region #2
2026-04-05 01:32:05,651 [INFO]      Matched 6/6 IDs: [200154, 200152, 200441, 200652, 200722, 201152]
2026-04-05 01:32:05,651 [INFO]      Hit offsets: 7 ({'raw_le32': 7})
2026-04-05 01:32:05,651 [DEBUG]      All hit offsets: [{'id': 200154, 'encoding': 'raw_le32(200154)', 'encodingSize': 4, 'byteOffset': 65536}, {'id': 200154, 'encoding': 'raw_le32(200154)', 'encodingSize': 4, 'byteOffset': 4670976}, {'id': 200152, 'encoding': 'raw_le32(200152)', 'encodingSize': 4, 'byteOffset': 4670920}, {'id': 200652, 'encoding': 'raw_le32(200652)', 'encodingSize': 4, 'byteOffset': 4685000}, {'id': 200722, 'encoding': 'raw_le32(200722)', 'encodingSize': 4, 'byteOffset': 4686960}, {'id': 200722, 'encoding': 'raw_le32(200722)', 'encodingSize': 4, 'byteOffset': 14101904}, {'id': 201152, 'encoding': 'raw_le32(201152)', 'encodingSize': 4, 'byteOffset': 4699080}]
2026-04-05 01:32:05,668 [INFO] 
[OK] Received 26,214,400 bytes from region #4
2026-04-05 01:32:05,668 [INFO]      Matched 6/6 IDs: [200154, 200152, 200441, 200652, 200722, 201152]
2026-04-05 01:32:05,668 [INFO]      Hit offsets: 4 ({'raw_le32': 4})
2026-04-05 01:32:05,668 [DEBUG]      All hit offsets: [{'id': 200154, 'encoding': 'raw_le32(200154)', 'encodingSize': 4, 'byteOffset': 21187136}, {'id': 200154, 'encoding': 'raw_le32(200154)', 'encodingSize': 4, 'byteOffset': 24461136}, {'id': 200152, 'encoding': 'raw_le32(200152)', 'encodingSize': 4, 'byteOffset': 65536}, {'id': 200652, 'encoding': 'raw_le32(200652)', 'encodingSize': 4, 'byteOffset': 14295776}]
2026-04-05 01:32:05,671 [INFO] 
[OK] Received 2,220,672 bytes from region #35
2026-04-05 01:32:05,671 [INFO]      Matched 6/6 IDs: [200154, 200152, 200441, 200652, 200722, 201152]
2026-04-05 01:32:05,671 [INFO]      Hit offsets: 12 ({'raw_le32': 12})
2026-04-05 01:32:05,671 [DEBUG]      All hit offsets: [{'id': 200154, 'encoding': 'raw_le32(200154)', 'encodingSize': 4, 'byteOffset': 72992}, {'id': 200154, 'encoding': 'raw_le32(200154)', 'encodingSize': 4, 'byteOffset': 106816}, {'id': 200152, 'encoding': 'raw_le32(200152)', 'encodingSize': 4, 'byteOffset': 65536}, {'id': 200152, 'encoding': 'raw_le32(200152)', 'encodingSize': 4, 'byteOffset': 99360}, {'id': 200441, 'encoding': 'raw_le32(200441)', 'encodingSize': 4, 'byteOffset': 87552}, {'id': 200441, 'encoding': 'raw_le32(200441)', 'encodingSize': 4, 'byteOffset': 121376}, {'id': 200652, 'encoding': 'raw_le32(200652)', 'encodingSize': 4, 'byteOffset': 76736}, {'id': 200652, 'encoding': 'raw_le32(200652)', 'encodingSize': 4, 'byteOffset': 110560}, {'id': 200722, 'encoding': 'raw_le32(200722)', 'encodingSize': 4, 'byteOffset': 75040}, {'id': 200722, 'encoding': 'raw_le32(200722)', 'encodingSize': 4, 'byteOffset': 108864}, {'id': 201152, 'encoding': 'raw_le32(201152)', 'encodingSize': 4, 'byteOffset': 89696}, {'id': 201152, 'encoding': 'raw_le32(201152)', 'encodingSize': 4, 'byteOffset': 123520}]
2026-04-05 01:32:05,672 [DEBUG] Done payload: {
  "type": "done",
  "regions_with_hits": 36,
  "top_regions": [
    {
      "regionIndex": 19,
      "matchedIdCount": 6,
      "matchedIds": [
        200154,
        200152,
        200441,
        200652,
        200722,
        201152
      ],
      "totalHits": 20,
      "rangeSize": 16539648
    },
    {
      "regionIndex": 33,
      "matchedIdCount": 6,
      "matchedIds": [
        200154,
        200152,
        200441,
        200652,
        200722,
        201152
      ],
      "totalHits": 18,
      "rangeSize": 5378048
    },
    {
      "regionIndex": 2,
      "matchedIdCount": 6,
      "matchedIds": [
        200154,
        200152,
        200441,
        200652,
        200722,
        201152
      ],
      "totalHits": 13,
      "rangeSize": 167772160
    },
    {
      "regionIndex": 4,
      "matchedIdCount": 6,
      "matchedIds": [
        200154,
        200152,
        200441,
        200652,
        200722,
        201152
      ],
      "totalHits": 12,
      "rangeSize": 67112960
    },
    {
      "regionIndex": 35,
      "matchedIdCount": 6,
      "matchedIds": [
        200154,
        200152,
        200441,
        200652,
        200722,
        201152
      ],
      "totalHits": 12,
      "rangeSize": 4493312
    },
    {
      "regionIndex": 48,
      "matchedIdCount": 6,
      "matchedIds": [
        200154,
        200152,
        200441,
        200652,
        200722,
        201152
      ],
      "totalHits": 12,
      "rangeSize": 3309568
    },
    {
      "regionIndex": 325,
      "matchedIdCount": 6,
      "matchedIds": [
        200154,
        200152,
        200441,
        200652,
        200722,
        201152
      ],
      "totalHits": 6,
      "rangeSize": 258048
    },
    {
      "regionIndex": 410,
      "matchedIdCount": 6,
      "matchedIds": [
        200154,
        200152,
        200441,
        200652,
        200722,
        201152
      ],
      "totalHits": 6,
      "rangeSize": 135168
    },
    {
      "regionIndex": 9,
      "matchedIdCount": 5,
      "matchedIds": [
        200154,
        200152,
        200652,
        200722,
        201152
      ],
      "totalHits": 7,
      "rangeSize": 29908992
    },
    {
      "regionIndex": 36,
      "matchedIdCount": 5,
      "matchedIds": [
        200154,
        200152,
        200652,
        200722,
        201152
      ],
      "totalHits": 7,
      "rangeSize": 4194304
    },
    {
      "regionIndex": 11,
      "matchedIdCount": 5,
      "matchedIds": [
        200154,
        200152,
        200652,
        200722,
        201152
      ],
      "totalHits": 5,
      "rangeSize": 27549696
    },
    {
      "regionIndex": 90,
      "matchedIdCount": 4,
      "matchedIds": [
        200152,
        200652,
        200722,
        201152
      ],
      "totalHits": 18,
      "rangeSize": 1417216
    },
    {
      "regionIndex": 200,
      "matchedIdCount": 3,
      "matchedIds": [
        200152,
        200652,
        200722
      ],
      "totalHits": 6,
      "rangeSize": 434176
    },
    {
      "regionIndex": 218,
      "matchedIdCount": 2,
      "matchedIds": [
        200722,
        201152
      ],
      "totalHits": 6,
      "rangeSize": 385024
    },
    {
      "regionIndex": 374,
      "matchedIdCount": 2,
      "matchedIds": [
        200152,
        200652
      ],
      "totalHits": 6,
      "rangeSize": 176128
    },
    {
      "regionIndex": 134,
      "matchedIdCount": 2,
      "matchedIds": [
        200152,
        200722
      ],
      "totalHits": 5,
      "rangeSize": 876544
    },
    {
      "regionIndex": 114,
      "matchedIdCount": 2,
      "matchedIds": [
        200152,
        201152
      ],
      "totalHits": 4,
      "rangeSize": 1126400
    },
    {
      "regionIndex": 187,
      "matchedIdCount": 2,
      "matchedIds": [
        200441,
        200652
      ],
      "totalHits": 4,
      "rangeSize": 507904
    },
    {
      "regionIndex": 69,
      "matchedIdCount": 2,
      "matchedIds": [
        200152,
        200652
      ],
      "totalHits": 3,
      "rangeSize": 2084864
    },
    {
      "regionIndex": 184,
      "matchedIdCount": 2,
      "matchedIds": [
        200152,
        201152
      ],
      "totalHits": 3,
      "rangeSize": 512000
    }
  ]
}
2026-04-05 01:32:06,592 [INFO] 
2026-04-05 01:32:06,592 [INFO] ============================================================
2026-04-05 01:32:06,592 [INFO]   REGION SUMMARY (ranked by how many target IDs found)
2026-04-05 01:32:06,592 [INFO] ============================================================
2026-04-05 01:32:06,592 [INFO]   Region #19: 6/6 IDs, 20 hits, size=16539648
2026-04-05 01:32:06,592 [INFO]     IDs found: [200154, 200152, 200441, 200652, 200722, 201152]
2026-04-05 01:32:06,592 [INFO]   Region #33: 6/6 IDs, 18 hits, size=5378048
2026-04-05 01:32:06,592 [INFO]     IDs found: [200154, 200152, 200441, 200652, 200722, 201152]
2026-04-05 01:32:06,592 [INFO]   Region #2: 6/6 IDs, 13 hits, size=167772160
2026-04-05 01:32:06,593 [INFO]     IDs found: [200154, 200152, 200441, 200652, 200722, 201152]
2026-04-05 01:32:06,593 [INFO]   Region #4: 6/6 IDs, 12 hits, size=67112960
2026-04-05 01:32:06,593 [INFO]     IDs found: [200154, 200152, 200441, 200652, 200722, 201152]
2026-04-05 01:32:06,593 [INFO]   Region #35: 6/6 IDs, 12 hits, size=4493312
2026-04-05 01:32:06,593 [INFO]     IDs found: [200154, 200152, 200441, 200652, 200722, 201152]
2026-04-05 01:32:06,593 [INFO]   Region #48: 6/6 IDs, 12 hits, size=3309568
2026-04-05 01:32:06,593 [INFO]     IDs found: [200154, 200152, 200441, 200652, 200722, 201152]
2026-04-05 01:32:06,593 [INFO]   Region #325: 6/6 IDs, 6 hits, size=258048
2026-04-05 01:32:06,593 [INFO]     IDs found: [200154, 200152, 200441, 200652, 200722, 201152]
2026-04-05 01:32:06,593 [INFO]   Region #410: 6/6 IDs, 6 hits, size=135168
2026-04-05 01:32:06,593 [INFO]     IDs found: [200154, 200152, 200441, 200652, 200722, 201152]
2026-04-05 01:32:06,593 [INFO]   Region #9: 5/6 IDs, 7 hits, size=29908992
2026-04-05 01:32:06,593 [INFO]     IDs found: [200154, 200152, 200652, 200722, 201152]
2026-04-05 01:32:06,594 [INFO]   Region #36: 5/6 IDs, 7 hits, size=4194304
2026-04-05 01:32:06,594 [INFO]     IDs found: [200154, 200152, 200652, 200722, 201152]
2026-04-05 01:32:06,594 [INFO] 
2026-04-05 01:32:06,594 [INFO] ============================================================
2026-04-05 01:32:06,594 [INFO]   ANALYZING REGIONS (targeted search, no brute-force)
2026-04-05 01:32:06,594 [INFO] ============================================================
2026-04-05 01:32:06,594 [INFO] 
============================================================
2026-04-05 01:32:06,594 [INFO]   Region #19 (chunk 1/5, 5,651,577 bytes)
2026-04-05 01:32:06,594 [INFO] ============================================================
2026-04-05 01:32:06,594 [INFO]   Working with 20 hit locations in 5,651,577 bytes
2026-04-05 01:32:06,594 [DEBUG]   All hit encodings: [(200154, 'raw_le32(200154)', 65584), (200154, 'raw_le32(200154)', 3504649), (200154, 'raw_le32(200154)', 3504673), (200154, 'raw_le32(200154)', 3504697), (200152, 'raw_le32(200152)', 65536), (200152, 'raw_le32(200152)', 3504553), (200152, 'raw_le32(200152)', 3504577), (200441, 'raw_le32(200441)', 72472), (200441, 'raw_le32(200441)', 3519025), (200441, 'raw_le32(200441)', 3519049), (200652, 'raw_le32(200652)', 77536), (200652, 'raw_le32(200652)', 3529633), (200652, 'raw_le32(200652)', 3529657), (200652, 'raw_le32(200652)', 3529681), (200722, 'raw_le32(200722)', 79216), (200722, 'raw_le32(200722)', 3533185), (200722, 'raw_le32(200722)', 3533209), (201152, 'raw_le32(201152)', 89536), (201152, 'raw_le32(201152)', 3554401), (201152, 'raw_le32(201152)', 3554425)]
2026-04-05 01:32:06,594 [INFO] 
  > Strategy 1: Targeted MsgPack search (backward from hits)...
2026-04-05 01:32:06,594 [INFO]     No MsgPack-encoded hits to search backwards from
2026-04-05 01:32:06,594 [INFO]     No MsgPack containers found enclosing the target IDs
2026-04-05 01:32:06,594 [INFO] 
  > Strategy 2: Raw struct layout analysis...
2026-04-05 01:32:06,595 [INFO]     Hit breakdown: 0 MsgPack, 20 raw LE32
2026-04-05 01:32:06,595 [INFO] 
    Per-ID raw locations:
2026-04-05 01:32:06,595 [INFO]       ID 200154: 4 occurrences at offsets [65584, 3504649, 3504673, 3504697]
2026-04-05 01:32:06,595 [DEBUG]       ID 200154: ALL offsets = [65584, 3504649, 3504673, 3504697]
2026-04-05 01:32:06,595 [INFO]       ID 200152: 3 occurrences at offsets [65536, 3504553, 3504577]
2026-04-05 01:32:06,595 [DEBUG]       ID 200152: ALL offsets = [65536, 3504553, 3504577]
2026-04-05 01:32:06,595 [INFO]       ID 200441: 3 occurrences at offsets [72472, 3519025, 3519049]
2026-04-05 01:32:06,595 [DEBUG]       ID 200441: ALL offsets = [72472, 3519025, 3519049]
2026-04-05 01:32:06,595 [INFO]       ID 200652: 4 occurrences at offsets [77536, 3529633, 3529657, 3529681]
2026-04-05 01:32:06,595 [DEBUG]       ID 200652: ALL offsets = [77536, 3529633, 3529657, 3529681]
2026-04-05 01:32:06,595 [INFO]       ID 200722: 3 occurrences at offsets [79216, 3533185, 3533209]
2026-04-05 01:32:06,595 [DEBUG]       ID 200722: ALL offsets = [79216, 3533185, 3533209]
2026-04-05 01:32:06,595 [INFO]       ID 201152: 3 occurrences at offsets [89536, 3554401, 3554425]
2026-04-05 01:32:06,595 [DEBUG]       ID 201152: ALL offsets = [89536, 3554401, 3554425]
2026-04-05 01:32:06,595 [INFO] 
    Spacing analysis (looking for regular struct patterns):
2026-04-05 01:32:06,595 [INFO]       ID 200154: spacings = [(24, 2)]
2026-04-05 01:32:06,595 [DEBUG]       ID 200154: all spacings = [3439065, 24, 24]
2026-04-05 01:32:06,595 [INFO]       ID 200152: spacings = [(24, 1)]
2026-04-05 01:32:06,595 [DEBUG]       ID 200152: all spacings = [3439017, 24]
2026-04-05 01:32:06,595 [INFO]       ID 200441: spacings = [(24, 1)]
2026-04-05 01:32:06,595 [DEBUG]       ID 200441: all spacings = [3446553, 24]
2026-04-05 01:32:06,595 [INFO]       ID 200652: spacings = [(24, 2)]
2026-04-05 01:32:06,595 [DEBUG]       ID 200652: all spacings = [3452097, 24, 24]
2026-04-05 01:32:06,595 [INFO]       ID 200722: spacings = [(24, 1)]
2026-04-05 01:32:06,596 [DEBUG]       ID 200722: all spacings = [3453969, 24]
2026-04-05 01:32:06,596 [INFO]       ID 201152: spacings = [(24, 1)]
2026-04-05 01:32:06,596 [DEBUG]       ID 201152: all spacings = [3464865, 24]
2026-04-05 01:32:06,596 [INFO] 
    Most likely struct sizes: [(24, 4)]
2026-04-05 01:32:06,596 [INFO] 
    Cross-ID proximity (IDs that appear near each other):
2026-04-05 01:32:06,596 [INFO]     Found 4 clusters with 2+ different IDs nearby:
2026-04-05 01:32:06,596 [INFO]       Cluster 0: offsets 65536-65584 (48 bytes span), IDs: [200152, 200154]
2026-04-05 01:32:06,596 [DEBUG]       Cluster 0 detail: [(200152, 65536, 'raw_le32(200152)'), (200154, 65584, 'raw_le32(200154)')]
2026-04-05 01:32:06,596 [INFO]       Cluster 1: offsets 77536-79216 (1680 bytes span), IDs: [200652, 200722]
2026-04-05 01:32:06,596 [DEBUG]       Cluster 1 detail: [(200652, 77536, 'raw_le32(200652)'), (200722, 79216, 'raw_le32(200722)')]
2026-04-05 01:32:06,596 [INFO]       Cluster 2: offsets 3504553-3504697 (144 bytes span), IDs: [200152, 200154]
2026-04-05 01:32:06,596 [DEBUG]       Cluster 2 detail: [(200152, 3504553, 'raw_le32(200152)'), (200152, 3504577, 'raw_le32(200152)'), (200154, 3504649, 'raw_le32(200154)'), (200154, 3504673, 'raw_le32(200154)'), (200154, 3504697, 'raw_le32(200154)')]
2026-04-05 01:32:06,596 [INFO]       Cluster 3: offsets 3529633-3533209 (3576 bytes span), IDs: [200652, 200722]
2026-04-05 01:32:06,596 [DEBUG]       Cluster 3 detail: [(200652, 3529633, 'raw_le32(200652)'), (200652, 3529657, 'raw_le32(200652)'), (200652, 3529681, 'raw_le32(200652)'), (200722, 3533185, 'raw_le32(200722)'), (200722, 3533209, 'raw_le32(200722)')]
2026-04-05 01:32:06,596 [INFO] 
  > Strategy 3: MsgPack probe from cluster starts...
2026-04-05 01:32:06,669 [INFO] 
  > Strategy 4: Nearby strings analysis...
2026-04-05 01:32:06,670 [INFO]     No readable strings found near ID locations
2026-04-05 01:32:06,670 [INFO] 
    Hex context around each hit (+/-64 bytes):
2026-04-05 01:32:06,670 [INFO] 
    -- ID 200152 (raw_le32(200152)) at offset 65536 --
2026-04-05 01:32:06,670 [INFO]       0000FFC0: 90 48 A9 02 00 00 00 00 0D 00 00 00 1A 00 00 00 D6 0D 03 00 00 00 00 00 A0 48 A9 02 00 00 00 00  |.H.......................H......|
2026-04-05 01:32:06,670 [INFO]       0000FFE0: 0D 00 00 00 1A 00 00 00 D7 0D 03 00 00 00 00 00 B0 48 A9 02 00 00 00 00 0D 00 00 00 1A 00 00 00  |.................H..............|
2026-04-05 01:32:06,670 [INFO]       00010000: [D8 0D 03 00] 00 00 00 00 C0 48 A9 02 00 00 00 00 0D 00 00 00 1A 00 00 00 D9 0D 03 00 00 00 00 00  |.........H......................|
2026-04-05 01:32:06,670 [INFO]       00010020: D0 48 A9 02 00 00 00 00 0D 00 00 00 1A 00 00 00 DA 0D 03 00 00 00 00 00 E0 48 A9 02 00 00 00 00  |.H.......................H......|
2026-04-05 01:32:06,670 [INFO] 
    -- ID 200154 (raw_le32(200154)) at offset 65584 --
2026-04-05 01:32:06,670 [INFO]       0000FFF0: B0 48 A9 02 00 00 00 00 0D 00 00 00 1A 00 00 00 D8 0D 03 00 00 00 00 00 C0 48 A9 02 00 00 00 00  |.H.......................H......|
2026-04-05 01:32:06,670 [INFO]       00010010: 0D 00 00 00 1A 00 00 00 D9 0D 03 00 00 00 00 00 D0 48 A9 02 00 00 00 00 0D 00 00 00 1A 00 00 00  |.................H..............|
2026-04-05 01:32:06,670 [INFO]       00010030: [DA 0D 03 00] 00 00 00 00 E0 48 A9 02 00 00 00 00 0D 00 00 00 1A 00 00 00 DB 0D 03 00 00 00 00 00  |.........H......................|
2026-04-05 01:32:06,670 [INFO]       00010050: F0 48 A9 02 00 00 00 00 0D 00 00 00 1A 00 00 00 DC 0D 03 00 00 00 00 00 00 49 A9 02 00 00 00 00  |.H.......................I......|
2026-04-05 01:32:06,671 [INFO] 
    -- ID 200441 (raw_le32(200441)) at offset 72472 --
2026-04-05 01:32:06,671 [INFO]       00011AD8: A0 5A A9 02 00 00 00 00 0D 00 00 00 1A 00 00 00 F7 0E 03 00 00 00 00 00 B0 5A A9 02 00 00 00 00  |.Z.......................Z......|
2026-04-05 01:32:06,671 [INFO]       00011AF8: 0D 00 00 00 1A 00 00 00 F8 0E 03 00 00 00 00 00 C0 5A A9 02 00 00 00 00 0D 00 00 00 1A 00 00 00  |.................Z..............|
2026-04-05 01:32:06,671 [INFO]       00011B18: [F9 0E 03 00] 00 00 00 00 D0 5A A9 02 00 00 00 00 0D 00 00 00 1A 00 00 00 FA 0E 03 00 00 00 00 00  |.........Z......................|
2026-04-05 01:32:06,671 [INFO]       00011B38: E0 5A A9 02 00 00 00 00 0D 00 00 00 1A 00 00 00 FB 0E 03 00 00 00 00 00 F0 5A A9 02 00 00 00 00  |.Z.......................Z......|
2026-04-05 01:32:06,671 [INFO] 
    -- ID 200652 (raw_le32(200652)) at offset 77536 --
2026-04-05 01:32:06,671 [INFO]       00012EA0: D0 67 A9 02 00 00 00 00 0D 00 00 00 1A 00 00 00 CA 0F 03 00 00 00 00 00 E0 67 A9 02 00 00 00 00  |.g.......................g......|
2026-04-05 01:32:06,671 [INFO]       00012EC0: 0D 00 00 00 1A 00 00 00 CB 0F 03 00 00 00 00 00 F0 67 A9 02 00 00 00 00 0D 00 00 00 1A 00 00 00  |.................g..............|
2026-04-05 01:32:06,671 [INFO]       00012EE0: [CC 0F 03 00] 00 00 00 00 00 68 A9 02 00 00 00 00 0D 00 00 00 1A 00 00 00 CD 0F 03 00 00 00 00 00  |.........h......................|
2026-04-05 01:32:06,671 [INFO]       00012F00: 10 68 A9 02 00 00 00 00 0D 00 00 00 1A 00 00 00 CE 0F 03 00 00 00 00 00 20 68 A9 02 00 00 00 00  |.h...................... h......|
2026-04-05 01:32:06,671 [INFO] 
    -- ID 200722 (raw_le32(200722)) at offset 79216 --
2026-04-05 01:32:06,672 [INFO]       00013530: 30 6C A9 02 00 00 00 00 0D 00 00 00 1A 00 00 00 10 10 03 00 00 00 00 00 40 6C A9 02 00 00 00 00  |0l......................@l......|
2026-04-05 01:32:06,672 [INFO]       00013550: 0D 00 00 00 1A 00 00 00 11 10 03 00 00 00 00 00 50 6C A9 02 00 00 00 00 0D 00 00 00 1A 00 00 00  |................Pl..............|
2026-04-05 01:32:06,672 [INFO]       00013570: [12 10 03 00] 00 00 00 00 60 6C A9 02 00 00 00 00 0D 00 00 00 1A 00 00 00 13 10 03 00 00 00 00 00  |........`l......................|
2026-04-05 01:32:06,672 [INFO]       00013590: 70 6C A9 02 00 00 00 00 0D 00 00 00 1A 00 00 00 14 10 03 00 00 00 00 00 80 6C A9 02 00 00 00 00  |pl.......................l......|
2026-04-05 01:32:06,672 [INFO] 
    -- ID 201152 (raw_le32(201152)) at offset 89536 --
2026-04-05 01:32:06,672 [INFO]       00015D80: 10 87 A9 02 00 00 00 00 0D 00 00 00 1A 00 00 00 BE 11 03 00 00 00 00 00 20 87 A9 02 00 00 00 00  |........................ .......|
2026-04-05 01:32:06,672 [INFO]       00015DA0: 0D 00 00 00 1A 00 00 00 BF 11 03 00 00 00 00 00 30 87 A9 02 00 00 00 00 0D 00 00 00 1A 00 00 00  |................0...............|
2026-04-05 01:32:06,672 [INFO]       00015DC0: [C0 11 03 00] 00 00 00 00 40 87 A9 02 00 00 00 00 0D 00 00 00 1A 00 00 00 C1 11 03 00 00 00 00 00  |........@.......................|
2026-04-05 01:32:06,672 [INFO]       00015DE0: 50 87 A9 02 00 00 00 00 0D 00 00 00 1A 00 00 00 C2 11 03 00 00 00 00 00 60 87 A9 02 00 00 00 00  |P.......................`.......|
2026-04-05 01:32:06,672 [INFO] 
    -- ID 200152 (raw_le32(200152)) at offset 3504553 --
2026-04-05 01:32:06,672 [INFO]       00357969: 00 00 00 1C 00 00 00 92 3D 05 00 00 00 00 00 48 D7 0D 03 00 00 00 00 78 00 00 00 1C 00 00 00 93  |........=......H.......x........|
2026-04-05 01:32:06,672 [INFO]       00357989: 3D 05 00 00 00 00 00 C0 D7 0D 03 00 00 00 00 78 00 00 00 1C 00 00 00 94 3D 05 00 00 00 00 00 38  |=..............x........=......8|
2026-04-05 01:32:06,672 [INFO]       003579A9: [D8 0D 03 00] 00 00 00 6C 00 00 00 1C 00 00 00 95 3D 05 00 00 00 00 00 A8 D8 0D 03 00 00 00 00 78  |.......l........=..............x|
2026-04-05 01:32:06,672 [INFO]       003579C9: 00 00 00 1C 00 00 00 96 3D 05 00 00 00 00 00 20 D9 0D 03 00 00 00 00 6C 00 00 00 1C 00 00 00 97  |........=...... .......l........|
2026-04-05 01:32:06,672 [INFO] 
    -- ID 200152 (raw_le32(200152)) at offset 3504577 --
2026-04-05 01:32:06,672 [INFO]       00357981: 00 00 00 1C 00 00 00 93 3D 05 00 00 00 00 00 C0 D7 0D 03 00 00 00 00 78 00 00 00 1C 00 00 00 94  |........=..............x........|
2026-04-05 01:32:06,673 [INFO]       003579A1: 3D 05 00 00 00 00 00 38 D8 0D 03 00 00 00 00 6C 00 00 00 1C 00 00 00 95 3D 05 00 00 00 00 00 A8  |=......8.......l........=.......|
2026-04-05 01:32:06,673 [INFO]       003579C1: [D8 0D 03 00] 00 00 00 78 00 00 00 1C 00 00 00 96 3D 05 00 00 00 00 00 20 D9 0D 03 00 00 00 00 6C  |.......x........=...... .......l|
2026-04-05 01:32:06,673 [INFO]       003579E1: 00 00 00 1C 00 00 00 97 3D 05 00 00 00 00 00 90 D9 0D 03 00 00 00 00 6C 00 00 00 1C 00 00 00 98  |........=..............l........|
2026-04-05 01:32:06,673 [INFO] 
    -- ID 200154 (raw_le32(200154)) at offset 3504649 --
2026-04-05 01:32:06,673 [INFO]       003579C9: 00 00 00 1C 00 00 00 96 3D 05 00 00 00 00 00 20 D9 0D 03 00 00 00 00 6C 00 00 00 1C 00 00 00 97  |........=...... .......l........|
2026-04-05 01:32:06,673 [INFO]       003579E9: 3D 05 00 00 00 00 00 90 D9 0D 03 00 00 00 00 6C 00 00 00 1C 00 00 00 98 3D 05 00 00 00 00 00 00  |=..............l........=.......|
2026-04-05 01:32:06,673 [INFO]       00357A09: [DA 0D 03 00] 00 00 00 6C 00 00 00 1C 00 00 00 99 3D 05 00 00 00 00 00 70 DA 0D 03 00 00 00 00 6C  |.......l........=......p.......l|
2026-04-05 01:32:06,673 [INFO]       00357A29: 00 00 00 1C 00 00 00 9A 3D 05 00 00 00 00 00 E0 DA 0D 03 00 00 00 00 78 00 00 00 1C 00 00 00 9B  |........=..............x........|
2026-04-05 01:32:06,673 [INFO] 
    -- ID 200154 (raw_le32(200154)) at offset 3504673 --
2026-04-05 01:32:06,673 [INFO]       003579E1: 00 00 00 1C 00 00 00 97 3D 05 00 00 00 00 00 90 D9 0D 03 00 00 00 00 6C 00 00 00 1C 00 00 00 98  |........=..............l........|
2026-04-05 01:32:06,673 [INFO]       00357A01: 3D 05 00 00 00 00 00 00 DA 0D 03 00 00 00 00 6C 00 00 00 1C 00 00 00 99 3D 05 00 00 00 00 00 70  |=..............l........=......p|
2026-04-05 01:32:06,673 [INFO]       00357A21: [DA 0D 03 00] 00 00 00 6C 00 00 00 1C 00 00 00 9A 3D 05 00 00 00 00 00 E0 DA 0D 03 00 00 00 00 78  |.......l........=..............x|
2026-04-05 01:32:06,673 [INFO]       00357A41: 00 00 00 1C 00 00 00 9B 3D 05 00 00 00 00 00 58 DB 0D 03 00 00 00 00 78 00 00 00 1C 00 00 00 9C  |........=......X.......x........|
2026-04-05 01:32:06,673 [INFO] 
    -- ID 200154 (raw_le32(200154)) at offset 3504697 --
2026-04-05 01:32:06,673 [INFO]       003579F9: 00 00 00 1C 00 00 00 98 3D 05 00 00 00 00 00 00 DA 0D 03 00 00 00 00 6C 00 00 00 1C 00 00 00 99  |........=..............l........|
2026-04-05 01:32:06,673 [INFO]       00357A19: 3D 05 00 00 00 00 00 70 DA 0D 03 00 00 00 00 6C 00 00 00 1C 00 00 00 9A 3D 05 00 00 00 00 00 E0  |=......p.......l........=.......|
2026-04-05 01:32:06,674 [INFO]       00357A39: [DA 0D 03 00] 00 00 00 78 00 00 00 1C 00 00 00 9B 3D 05 00 00 00 00 00 58 DB 0D 03 00 00 00 00 78  |.......x........=......X.......x|
2026-04-05 01:32:06,674 [INFO]       00357A59: 00 00 00 1C 00 00 00 9C 3D 05 00 00 00 00 00 D0 DB 0D 03 00 00 00 00 78 00 00 00 1C 00 00 00 9D  |........=..............x........|
2026-04-05 01:32:06,674 [INFO] 
    -- ID 200441 (raw_le32(200441)) at offset 3519025 --
2026-04-05 01:32:06,674 [INFO]       0035B1F1: 00 00 00 1C 00 00 00 ED 3F 05 00 00 00 00 00 50 F8 0E 03 00 00 00 00 9C 00 00 00 1C 00 00 00 EE  |........?......P................|
2026-04-05 01:32:06,674 [INFO]       0035B211: 3F 05 00 00 00 00 00 F0 F8 0E 03 00 00 00 00 6C 00 00 00 1C 00 00 00 EF 3F 05 00 00 00 00 00 60  |?..............l........?......`|
2026-04-05 01:32:06,674 [INFO]       0035B231: [F9 0E 03 00] 00 00 00 6C 00 00 00 1C 00 00 00 F0 3F 05 00 00 00 00 00 D0 F9 0E 03 00 00 00 00 6C  |.......l........?..............l|
2026-04-05 01:32:06,674 [INFO]       0035B251: 00 00 00 1C 00 00 00 F1 3F 05 00 00 00 00 00 40 FA 0E 03 00 00 00 00 6C 00 00 00 1C 00 00 00 F2  |........?......@.......l........|
2026-04-05 01:32:06,674 [INFO] 
    -- ID 200441 (raw_le32(200441)) at offset 3519049 --
2026-04-05 01:32:06,674 [INFO]       0035B209: 00 00 00 1C 00 00 00 EE 3F 05 00 00 00 00 00 F0 F8 0E 03 00 00 00 00 6C 00 00 00 1C 00 00 00 EF  |........?..............l........|
2026-04-05 01:32:06,674 [INFO]       0035B229: 3F 05 00 00 00 00 00 60 F9 0E 03 00 00 00 00 6C 00 00 00 1C 00 00 00 F0 3F 05 00 00 00 00 00 D0  |?......`.......l........?.......|
2026-04-05 01:32:06,674 [INFO]       0035B249: [F9 0E 03 00] 00 00 00 6C 00 00 00 1C 00 00 00 F1 3F 05 00 00 00 00 00 40 FA 0E 03 00 00 00 00 6C  |.......l........?......@.......l|
2026-04-05 01:32:06,674 [INFO]       0035B269: 00 00 00 1C 00 00 00 F2 3F 05 00 00 00 00 00 B0 FA 0E 03 00 00 00 00 84 00 00 00 1C 00 00 00 F3  |........?.......................|
2026-04-05 01:32:06,674 [INFO] 
    -- ID 200652 (raw_le32(200652)) at offset 3529633 --
2026-04-05 01:32:06,674 [INFO]       0035DB61: 00 00 00 1C 00 00 00 A7 41 05 00 00 00 00 00 20 CB 0F 03 00 00 00 00 6C 00 00 00 1C 00 00 00 A8  |........A...... .......l........|
2026-04-05 01:32:06,674 [INFO]       0035DB81: 41 05 00 00 00 00 00 90 CB 0F 03 00 00 00 00 6C 00 00 00 1C 00 00 00 A9 41 05 00 00 00 00 00 00  |A..............l........A.......|
2026-04-05 01:32:06,674 [INFO]       0035DBA1: [CC 0F 03 00] 00 00 00 6C 00 00 00 1C 00 00 00 AA 41 05 00 00 00 00 00 70 CC 0F 03 00 00 00 00 84  |.......l........A......p........|
2026-04-05 01:32:06,674 [INFO]       0035DBC1: 00 00 00 1C 00 00 00 AB 41 05 00 00 00 00 00 F8 CC 0F 03 00 00 00 00 78 00 00 00 1C 00 00 00 AC  |........A..............x........|
2026-04-05 01:32:06,674 [INFO] 
    -- ID 200652 (raw_le32(200652)) at offset 3529657 --
2026-04-05 01:32:06,674 [INFO]       0035DB79: 00 00 00 1C 00 00 00 A8 41 05 00 00 00 00 00 90 CB 0F 03 00 00 00 00 6C 00 00 00 1C 00 00 00 A9  |........A..............l........|
2026-04-05 01:32:06,674 [INFO]       0035DB99: 41 05 00 00 00 00 00 00 CC 0F 03 00 00 00 00 6C 00 00 00 1C 00 00 00 AA 41 05 00 00 00 00 00 70  |A..............l........A......p|
2026-04-05 01:32:06,674 [INFO]       0035DBB9: [CC 0F 03 00] 00 00 00 84 00 00 00 1C 00 00 00 AB 41 05 00 00 00 00 00 F8 CC 0F 03 00 00 00 00 78  |................A..............x|
2026-04-05 01:32:06,674 [INFO]       0035DBD9: 00 00 00 1C 00 00 00 AC 41 05 00 00 00 00 00 70 CD 0F 03 00 00 00 00 78 00 00 00 1C 00 00 00 AD  |........A......p.......x........|
2026-04-05 01:32:06,674 [INFO] 
    -- ID 200652 (raw_le32(200652)) at offset 3529681 --
2026-04-05 01:32:06,674 [INFO]       0035DB91: 00 00 00 1C 00 00 00 A9 41 05 00 00 00 00 00 00 CC 0F 03 00 00 00 00 6C 00 00 00 1C 00 00 00 AA  |........A..............l........|
2026-04-05 01:32:06,675 [INFO]       0035DBB1: 41 05 00 00 00 00 00 70 CC 0F 03 00 00 00 00 84 00 00 00 1C 00 00 00 AB 41 05 00 00 00 00 00 F8  |A......p................A.......|
2026-04-05 01:32:06,675 [INFO]       0035DBD1: [CC 0F 03 00] 00 00 00 78 00 00 00 1C 00 00 00 AC 41 05 00 00 00 00 00 70 CD 0F 03 00 00 00 00 78  |.......x........A......p.......x|
2026-04-05 01:32:06,675 [INFO]       0035DBF1: 00 00 00 1C 00 00 00 AD 41 05 00 00 00 00 00 E8 CD 0F 03 00 00 00 00 84 00 00 00 1C 00 00 00 AE  |........A.......................|
2026-04-05 01:32:06,675 [INFO] 
    -- ID 200722 (raw_le32(200722)) at offset 3533185 --
2026-04-05 01:32:06,675 [INFO]       0035E941: 00 00 00 1C 00 00 00 3B 42 05 00 00 00 00 00 58 11 10 03 00 00 00 00 84 00 00 00 1C 00 00 00 3C  |.......;B......X...............<|
2026-04-05 01:32:06,675 [INFO]       0035E961: 42 05 00 00 00 00 00 E0 11 10 03 00 00 00 00 6C 00 00 00 1C 00 00 00 3D 42 05 00 00 00 00 00 50  |B..............l.......=B......P|
2026-04-05 01:32:06,675 [INFO]       0035E981: [12 10 03 00] 00 00 00 78 00 00 00 1C 00 00 00 3E 42 05 00 00 00 00 00 C8 12 10 03 00 00 00 00 6C  |.......x.......>B..............l|
2026-04-05 01:32:06,675 [INFO]       0035E9A1: 00 00 00 1C 00 00 00 3F 42 05 00 00 00 00 00 38 13 10 03 00 00 00 00 6C 00 00 00 1C 00 00 00 40  |.......?B......8.......l.......@|
2026-04-05 01:32:06,676 [INFO] 
    -- ID 200722 (raw_le32(200722)) at offset 3533209 --
2026-04-05 01:32:06,676 [INFO]       0035E959: 00 00 00 1C 00 00 00 3C 42 05 00 00 00 00 00 E0 11 10 03 00 00 00 00 6C 00 00 00 1C 00 00 00 3D  |.......<B..............l.......=|
2026-04-05 01:32:06,676 [INFO]       0035E979: 42 05 00 00 00 00 00 50 12 10 03 00 00 00 00 78 00 00 00 1C 00 00 00 3E 42 05 00 00 00 00 00 C8  |B......P.......x.......>B.......|
2026-04-05 01:32:06,676 [INFO]       0035E999: [12 10 03 00] 00 00 00 6C 00 00 00 1C 00 00 00 3F 42 05 00 00 00 00 00 38 13 10 03 00 00 00 00 6C  |.......l.......?B......8.......l|
2026-04-05 01:32:06,676 [INFO]       0035E9B9: 00 00 00 1C 00 00 00 40 42 05 00 00 00 00 00 A8 13 10 03 00 00 00 00 6C 00 00 00 1C 00 00 00 41  |.......@B..............l.......A|
2026-04-05 01:32:06,676 [INFO] 
    -- ID 201152 (raw_le32(201152)) at offset 3554401 --
2026-04-05 01:32:06,676 [INFO]       00363C21: 00 00 00 1C 00 00 00 AF 45 05 00 00 00 00 00 60 BF 11 03 00 00 00 00 78 00 00 00 1C 00 00 00 B0  |........E......`.......x........|
2026-04-05 01:32:06,676 [INFO]       00363C41: 45 05 00 00 00 00 00 D8 BF 11 03 00 00 00 00 6C 00 00 00 1C 00 00 00 B1 45 05 00 00 00 00 00 48  |E..............l........E......H|
2026-04-05 01:32:06,676 [INFO]       00363C61: [C0 11 03 00] 00 00 00 6C 00 00 00 1C 00 00 00 B2 45 05 00 00 00 00 00 B8 C0 11 03 00 00 00 00 78  |.......l........E..............x|
2026-04-05 01:32:06,676 [INFO]       00363C81: 00 00 00 1C 00 00 00 B3 45 05 00 00 00 00 00 30 C1 11 03 00 00 00 00 90 00 00 00 1C 00 00 00 B4  |........E......0................|
2026-04-05 01:32:06,677 [INFO] 
    -- ID 201152 (raw_le32(201152)) at offset 3554425 --
2026-04-05 01:32:06,677 [INFO]       00363C39: 00 00 00 1C 00 00 00 B0 45 05 00 00 00 00 00 D8 BF 11 03 00 00 00 00 6C 00 00 00 1C 00 00 00 B1  |........E..............l........|
2026-04-05 01:32:06,677 [INFO]       00363C59: 45 05 00 00 00 00 00 48 C0 11 03 00 00 00 00 6C 00 00 00 1C 00 00 00 B2 45 05 00 00 00 00 00 B8  |E......H.......l........E.......|
2026-04-05 01:32:06,677 [INFO]       00363C79: [C0 11 03 00] 00 00 00 78 00 00 00 1C 00 00 00 B3 45 05 00 00 00 00 00 30 C1 11 03 00 00 00 00 90  |.......x........E......0........|
2026-04-05 01:32:06,677 [INFO]       00363C99: 00 00 00 1C 00 00 00 B4 45 05 00 00 00 00 00 C0 C1 11 03 00 00 00 00 6C 00 00 00 1C 00 00 00 B5  |........E..............l........|
2026-04-05 01:32:06,677 [INFO] 
============================================================
2026-04-05 01:32:06,677 [INFO]   Region #33 (chunk 2/5, 314,664 bytes)
2026-04-05 01:32:06,677 [INFO] ============================================================
2026-04-05 01:32:06,677 [INFO]   Working with 18 hit locations in 314,664 bytes
2026-04-05 01:32:06,677 [DEBUG]   All hit encodings: [(200154, 'raw_le32(200154)', 68944), (200154, 'raw_le32(200154)', 68952), (200152, 'raw_le32(200152)', 66928), (200152, 'raw_le32(200152)', 66936), (200152, 'raw_le32(200152)', 169932), (200152, 'raw_le32(200152)', 171212), (200152, 'raw_le32(200152)', 245836), (200152, 'raw_le32(200152)', 270668), (200152, 'raw_le32(200152)', 272268), (200152, 'raw_le32(200152)', 272972), (200441, 'raw_le32(200441)', 68776), (200441, 'raw_le32(200441)', 68784), (200652, 'raw_le32(200652)', 67000), (200652, 'raw_le32(200652)', 67008), (200722, 'raw_le32(200722)', 65536), (200722, 'raw_le32(200722)', 65544), (201152, 'raw_le32(201152)', 66232), (201152, 'raw_le32(201152)', 66240)]
2026-04-05 01:32:06,677 [INFO] 
  > Strategy 1: Targeted MsgPack search (backward from hits)...
2026-04-05 01:32:06,677 [INFO]     No MsgPack-encoded hits to search backwards from
2026-04-05 01:32:06,677 [INFO]     No MsgPack containers found enclosing the target IDs
2026-04-05 01:32:06,677 [INFO] 
  > Strategy 2: Raw struct layout analysis...
2026-04-05 01:32:06,677 [INFO]     Hit breakdown: 0 MsgPack, 18 raw LE32
2026-04-05 01:32:06,677 [INFO] 
    Per-ID raw locations:
2026-04-05 01:32:06,677 [INFO]       ID 200154: 2 occurrences at offsets [68944, 68952]
2026-04-05 01:32:06,677 [DEBUG]       ID 200154: ALL offsets = [68944, 68952]
2026-04-05 01:32:06,678 [INFO]       ID 200152: 8 occurrences at offsets [66928, 66936, 169932, 171212, 245836, 270668, 272268, 272972]
2026-04-05 01:32:06,678 [DEBUG]       ID 200152: ALL offsets = [66928, 66936, 169932, 171212, 245836, 270668, 272268, 272972]
2026-04-05 01:32:06,678 [INFO]       ID 200441: 2 occurrences at offsets [68776, 68784]
2026-04-05 01:32:06,678 [DEBUG]       ID 200441: ALL offsets = [68776, 68784]
2026-04-05 01:32:06,678 [INFO]       ID 200652: 2 occurrences at offsets [67000, 67008]
2026-04-05 01:32:06,678 [DEBUG]       ID 200652: ALL offsets = [67000, 67008]
2026-04-05 01:32:06,678 [INFO]       ID 200722: 2 occurrences at offsets [65536, 65544]
2026-04-05 01:32:06,678 [DEBUG]       ID 200722: ALL offsets = [65536, 65544]
2026-04-05 01:32:06,678 [INFO]       ID 201152: 2 occurrences at offsets [66232, 66240]
2026-04-05 01:32:06,678 [DEBUG]       ID 201152: ALL offsets = [66232, 66240]
2026-04-05 01:32:06,678 [INFO] 
    Spacing analysis (looking for regular struct patterns):
2026-04-05 01:32:06,678 [INFO]       ID 200154: spacings = [(8, 1)]
2026-04-05 01:32:06,678 [DEBUG]       ID 200154: all spacings = [8]
2026-04-05 01:32:06,678 [INFO]       ID 200152: spacings = [(8, 1), (1280, 1), (1600, 1)]
2026-04-05 01:32:06,678 [DEBUG]       ID 200152: all spacings = [8, 102996, 1280, 74624, 24832, 1600, 704]
2026-04-05 01:32:06,678 [INFO]       ID 200441: spacings = [(8, 1)]
2026-04-05 01:32:06,678 [DEBUG]       ID 200441: all spacings = [8]
2026-04-05 01:32:06,678 [INFO]       ID 200652: spacings = [(8, 1)]
2026-04-05 01:32:06,678 [DEBUG]       ID 200652: all spacings = [8]
2026-04-05 01:32:06,678 [INFO]       ID 200722: spacings = [(8, 1)]
2026-04-05 01:32:06,678 [DEBUG]       ID 200722: all spacings = [8]
2026-04-05 01:32:06,678 [INFO]       ID 201152: spacings = [(8, 1)]
2026-04-05 01:32:06,678 [DEBUG]       ID 201152: all spacings = [8]
2026-04-05 01:32:06,678 [INFO]     No regular spacing detected (data may not be a struct array)
2026-04-05 01:32:06,678 [INFO] 
    Cross-ID proximity (IDs that appear near each other):
2026-04-05 01:32:06,679 [INFO]     Found 1 clusters with 2+ different IDs nearby:
2026-04-05 01:32:06,679 [INFO]       Cluster 0: offsets 65536-68952 (3416 bytes span), IDs: [200152, 200154, 200441, 200652, 200722, 201152]
2026-04-05 01:32:06,679 [DEBUG]       Cluster 0 detail: [(200722, 65536, 'raw_le32(200722)'), (200722, 65544, 'raw_le32(200722)'), (201152, 66232, 'raw_le32(201152)'), (201152, 66240, 'raw_le32(201152)'), (200152, 66928, 'raw_le32(200152)'), (200152, 66936, 'raw_le32(200152)'), (200652, 67000, 'raw_le32(200652)'), (200652, 67008, 'raw_le32(200652)'), (200441, 68776, 'raw_le32(200441)'), (200441, 68784, 'raw_le32(200441)'), (200154, 68944, 'raw_le32(200154)'), (200154, 68952, 'raw_le32(200154)')]
2026-04-05 01:32:06,679 [INFO] 
  > Strategy 3: MsgPack probe from cluster starts...
2026-04-05 01:32:06,680 [INFO] 
  > Strategy 4: Nearby strings analysis...
2026-04-05 01:32:06,680 [INFO]     Found 7 unique strings near ID locations:
2026-04-05 01:32:06,680 [INFO]       "add_voice_data_array"
2026-04-05 01:32:06,680 [INFO]       "array"
2026-04-05 01:32:06,680 [INFO]       "data_array"
2026-04-05 01:32:06,680 [INFO]       "e[4s"
2026-04-05 01:32:06,681 [INFO]       "form_os_version"
2026-04-05 01:32:06,681 [INFO]       "graphics_device_name"
2026-04-05 01:32:06,681 [INFO]       "rray"
2026-04-05 01:32:06,681 [DEBUG]     ALL nearby strings: ['add_voice_data_array', 'array', 'data_array', 'e[4s', 'form_os_version', 'graphics_device_name', 'rray']
2026-04-05 01:32:06,681 [INFO] 
    Hex context around each hit (+/-64 bytes):
2026-04-05 01:32:06,681 [INFO] 
    -- ID 200722 (raw_le32(200722)) at offset 65536 --
2026-04-05 01:32:06,681 [INFO]       0000FFC0: 1E 0E 03 00 00 00 00 00 A0 78 0C 19 75 01 00 00 8C 0E 03 00 FF FF FF FF 8C 0E 03 00 00 00 00 00  |.........x..u...................|
2026-04-05 01:32:06,681 [INFO]       0000FFE0: 30 77 0C 19 75 01 00 00 96 0E 03 00 FF FF FF FF 96 0E 03 00 00 00 00 00 C0 75 0C 19 75 01 00 00  |0w..u....................u..u...|
2026-04-05 01:32:06,681 [INFO]       00010000: [12 10 03 00] FF FF FF FF 12 10 03 00 00 00 00 00 50 74 0C 19 75 01 00 00 81 13 03 00 1A 00 00 00  |................Pt..u...........|
2026-04-05 01:32:06,681 [INFO]       00010020: 81 13 03 00 00 00 00 00 E0 72 0C 19 75 01 00 00 AE 0F 03 00 FF FF FF FF AE 0F 03 00 00 00 00 00  |.........r..u...................|
2026-04-05 01:32:06,681 [INFO] 
    -- ID 200722 (raw_le32(200722)) at offset 65544 --
2026-04-05 01:32:06,681 [INFO]       0000FFC8: A0 78 0C 19 75 01 00 00 8C 0E 03 00 FF FF FF FF 8C 0E 03 00 00 00 00 00 30 77 0C 19 75 01 00 00  |.x..u...................0w..u...|
2026-04-05 01:32:06,681 [INFO]       0000FFE8: 96 0E 03 00 FF FF FF FF 96 0E 03 00 00 00 00 00 C0 75 0C 19 75 01 00 00 12 10 03 00 FF FF FF FF  |.................u..u...........|
2026-04-05 01:32:06,681 [INFO]       00010008: [12 10 03 00] 00 00 00 00 50 74 0C 19 75 01 00 00 81 13 03 00 1A 00 00 00 81 13 03 00 00 00 00 00  |........Pt..u...................|
2026-04-05 01:32:06,681 [INFO]       00010028: E0 72 0C 19 75 01 00 00 AE 0F 03 00 FF FF FF FF AE 0F 03 00 00 00 00 00 70 71 0C 19 75 01 00 00  |.r..u...................pq..u...|
2026-04-05 01:32:06,681 [INFO] 
    -- ID 201152 (raw_le32(201152)) at offset 66232 --
2026-04-05 01:32:06,682 [INFO]       00010278: 5A 0E 03 00 00 00 00 00 60 5E 10 19 75 01 00 00 90 0F 03 00 FF FF FF FF 90 0F 03 00 00 00 00 00  |Z.......`^..u...................|
2026-04-05 01:32:06,682 [INFO]       00010298: F0 5C 10 19 75 01 00 00 A7 10 03 00 FF FF FF FF A7 10 03 00 00 00 00 00 70 81 53 4D 75 01 00 00  |.\..u...................p.SMu...|
2026-04-05 01:32:06,682 [INFO]       000102B8: [C0 11 03 00] FF FF FF FF C0 11 03 00 00 00 00 00 00 80 53 4D 75 01 00 00 7E 0D 03 00 FF FF FF FF  |..................SMu...~.......|
2026-04-05 01:32:06,682 [INFO]       000102D8: 7E 0D 03 00 00 00 00 00 60 FE 82 4C 75 01 00 00 EC 0D 03 00 FF FF FF FF EC 0D 03 00 00 00 00 00  |~.......`..Lu...................|
2026-04-05 01:32:06,682 [INFO] 
    -- ID 201152 (raw_le32(201152)) at offset 66240 --
2026-04-05 01:32:06,682 [INFO]       00010280: 60 5E 10 19 75 01 00 00 90 0F 03 00 FF FF FF FF 90 0F 03 00 00 00 00 00 F0 5C 10 19 75 01 00 00  |`^..u....................\..u...|
2026-04-05 01:32:06,682 [INFO]       000102A0: A7 10 03 00 FF FF FF FF A7 10 03 00 00 00 00 00 70 81 53 4D 75 01 00 00 C0 11 03 00 FF FF FF FF  |................p.SMu...........|
2026-04-05 01:32:06,682 [INFO]       000102C0: [C0 11 03 00] 00 00 00 00 00 80 53 4D 75 01 00 00 7E 0D 03 00 FF FF FF FF 7E 0D 03 00 00 00 00 00  |..........SMu...~.......~.......|
2026-04-05 01:32:06,682 [INFO]       000102E0: 60 FE 82 4C 75 01 00 00 EC 0D 03 00 FF FF FF FF EC 0D 03 00 00 00 00 00 00 F0 82 4C 75 01 00 00  |`..Lu......................Lu...|
2026-04-05 01:32:06,682 [INFO] 
    -- ID 200152 (raw_le32(200152)) at offset 66928 --
2026-04-05 01:32:06,682 [INFO]       00010530: 50 0E 03 00 00 00 00 00 C0 A5 5C 4D 75 01 00 00 61 10 03 00 FF FF FF FF 61 10 03 00 00 00 00 00  |P.........\Mu...a.......a.......|
2026-04-05 01:32:06,682 [INFO]       00010550: 50 A4 5C 4D 75 01 00 00 7E 12 03 00 FF FF FF FF 7E 12 03 00 00 00 00 00 E0 A2 5C 4D 75 01 00 00  |P.\Mu...~.......~.........\Mu...|
2026-04-05 01:32:06,683 [INFO]       00010570: [D8 0D 03 00] FF FF FF FF D8 0D 03 00 00 00 00 00 70 A1 5C 4D 75 01 00 00 92 0D 03 00 FF FF FF FF  |................p.\Mu...........|
2026-04-05 01:32:06,683 [INFO]       00010590: 92 0D 03 00 00 00 00 00 00 A0 5C 4D 75 01 00 00 F4 0F 03 00 FF FF FF FF F4 0F 03 00 00 00 00 00  |..........\Mu...................|
2026-04-05 01:32:06,683 [INFO] 
    -- ID 200152 (raw_le32(200152)) at offset 66936 --
2026-04-05 01:32:06,683 [INFO]       00010538: C0 A5 5C 4D 75 01 00 00 61 10 03 00 FF FF FF FF 61 10 03 00 00 00 00 00 50 A4 5C 4D 75 01 00 00  |..\Mu...a.......a.......P.\Mu...|
2026-04-05 01:32:06,683 [INFO]       00010558: 7E 12 03 00 FF FF FF FF 7E 12 03 00 00 00 00 00 E0 A2 5C 4D 75 01 00 00 D8 0D 03 00 FF FF FF FF  |~.......~.........\Mu...........|
2026-04-05 01:32:06,683 [INFO]       00010578: [D8 0D 03 00] 00 00 00 00 70 A1 5C 4D 75 01 00 00 92 0D 03 00 FF FF FF FF 92 0D 03 00 00 00 00 00  |........p.\Mu...................|
2026-04-05 01:32:06,683 [INFO]       00010598: 00 A0 5C 4D 75 01 00 00 F4 0F 03 00 FF FF FF FF F4 0F 03 00 00 00 00 00 60 5E 82 4C 75 01 00 00  |..\Mu...................`^.Lu...|
2026-04-05 01:32:06,683 [INFO] 
    -- ID 200652 (raw_le32(200652)) at offset 67000 --
2026-04-05 01:32:06,683 [INFO]       00010578: D8 0D 03 00 00 00 00 00 70 A1 5C 4D 75 01 00 00 92 0D 03 00 FF FF FF FF 92 0D 03 00 00 00 00 00  |........p.\Mu...................|
2026-04-05 01:32:06,683 [INFO]       00010598: 00 A0 5C 4D 75 01 00 00 F4 0F 03 00 FF FF FF FF F4 0F 03 00 00 00 00 00 60 5E 82 4C 75 01 00 00  |..\Mu...................`^.Lu...|
2026-04-05 01:32:06,683 [INFO]       000105B8: [CC 0F 03 00] FF FF FF FF CC 0F 03 00 00 00 00 00 F0 5C 82 4C 75 01 00 00 57 10 03 00 47 00 00 00  |.................\.Lu...W...G...|
2026-04-05 01:32:06,683 [INFO]       000105D8: 57 10 03 00 00 00 00 00 80 5B 82 4C 75 01 00 00 89 10 03 00 48 00 00 00 89 10 03 00 00 00 00 00  |W........[.Lu.......H...........|
2026-04-05 01:32:06,683 [INFO] 
    -- ID 200652 (raw_le32(200652)) at offset 67008 --
2026-04-05 01:32:06,683 [INFO]       00010580: 70 A1 5C 4D 75 01 00 00 92 0D 03 00 FF FF FF FF 92 0D 03 00 00 00 00 00 00 A0 5C 4D 75 01 00 00  |p.\Mu.....................\Mu...|
2026-04-05 01:32:06,683 [INFO]       000105A0: F4 0F 03 00 FF FF FF FF F4 0F 03 00 00 00 00 00 60 5E 82 4C 75 01 00 00 CC 0F 03 00 FF FF FF FF  |................`^.Lu...........|
2026-04-05 01:32:06,683 [INFO]       000105C0: [CC 0F 03 00] 00 00 00 00 F0 5C 82 4C 75 01 00 00 57 10 03 00 47 00 00 00 57 10 03 00 00 00 00 00  |.........\.Lu...W...G...W.......|
2026-04-05 01:32:06,683 [INFO]       000105E0: 80 5B 82 4C 75 01 00 00 89 10 03 00 48 00 00 00 89 10 03 00 00 00 00 00 10 5A 82 4C 75 01 00 00  |.[.Lu.......H............Z.Lu...|
2026-04-05 01:32:06,684 [INFO] 
    -- ID 200441 (raw_le32(200441)) at offset 68776 --
2026-04-05 01:32:06,684 [INFO]       00010C68: 87 12 03 00 00 00 00 00 50 A4 D9 4B 75 01 00 00 3F 0F 03 00 33 00 00 00 3F 0F 03 00 00 00 00 00  |........P..Ku...?...3...?.......|
2026-04-05 01:32:06,684 [INFO]       00010C88: E0 A2 D9 4B 75 01 00 00 A9 88 01 00 FF FF FF FF A9 88 01 00 00 00 00 00 70 F1 AF 89 75 01 00 00  |...Ku...................p...u...|
2026-04-05 01:32:06,684 [INFO]       00010CA8: [F9 0E 03 00] 32 00 00 00 F9 0E 03 00 00 00 00 00 70 51 86 4B 75 01 00 00 CB 0F 03 00 0C 00 00 00  |....2...........pQ.Ku...........|
2026-04-05 01:32:06,684 [INFO]       00010CC8: CB 0F 03 00 00 00 00 00 60 8E 7F 4B 75 01 00 00 C3 12 03 00 9D 00 00 00 C3 12 03 00 00 00 00 00  |........`..Ku...................|
2026-04-05 01:32:06,684 [INFO] 
    -- ID 200441 (raw_le32(200441)) at offset 68784 --
2026-04-05 01:32:06,684 [INFO]       00010C70: 50 A4 D9 4B 75 01 00 00 3F 0F 03 00 33 00 00 00 3F 0F 03 00 00 00 00 00 E0 A2 D9 4B 75 01 00 00  |P..Ku...?...3...?..........Ku...|
2026-04-05 01:32:06,684 [INFO]       00010C90: A9 88 01 00 FF FF FF FF A9 88 01 00 00 00 00 00 70 F1 AF 89 75 01 00 00 F9 0E 03 00 32 00 00 00  |................p...u.......2...|
2026-04-05 01:32:06,684 [INFO]       00010CB0: [F9 0E 03 00] 00 00 00 00 70 51 86 4B 75 01 00 00 CB 0F 03 00 0C 00 00 00 CB 0F 03 00 00 00 00 00  |........pQ.Ku...................|
2026-04-05 01:32:06,684 [INFO]       00010CD0: 60 8E 7F 4B 75 01 00 00 C3 12 03 00 9D 00 00 00 C3 12 03 00 00 00 00 00 80 8B 7F 4B 75 01 00 00  |`..Ku......................Ku...|
2026-04-05 01:32:06,684 [INFO] 
    -- ID 200154 (raw_le32(200154)) at offset 68944 --
2026-04-05 01:32:06,684 [INFO]       00010D10: 6D 0E 03 00 00 00 00 00 C0 85 7F 4B 75 01 00 00 D7 0D 03 00 3E 00 00 00 D7 0D 03 00 00 00 00 00  |m..........Ku.......>...........|
2026-04-05 01:32:06,684 [INFO]       00010D30: E0 82 7F 4B 75 01 00 00 D9 0D 03 00 67 00 00 00 D9 0D 03 00 00 00 00 00 00 80 7F 4B 75 01 00 00  |...Ku.......g..............Ku...|
2026-04-05 01:32:06,684 [INFO]       00010D50: [DA 0D 03 00] FF FF FF FF DA 0D 03 00 00 00 00 00 60 DE 3F 4B 75 01 00 00 F5 0D 03 00 FF FF FF FF  |................`.?Ku...........|
2026-04-05 01:32:06,684 [INFO]       00010D70: F5 0D 03 00 00 00 00 00 F0 DC 3F 4B 75 01 00 00 F7 0D 03 00 8F 00 00 00 F7 0D 03 00 00 00 00 00  |..........?Ku...................|
2026-04-05 01:32:06,685 [INFO] 
    -- ID 200154 (raw_le32(200154)) at offset 68952 --
2026-04-05 01:32:06,685 [INFO]       00010D18: C0 85 7F 4B 75 01 00 00 D7 0D 03 00 3E 00 00 00 D7 0D 03 00 00 00 00 00 E0 82 7F 4B 75 01 00 00  |...Ku.......>..............Ku...|
2026-04-05 01:32:06,685 [INFO]       00010D38: D9 0D 03 00 67 00 00 00 D9 0D 03 00 00 00 00 00 00 80 7F 4B 75 01 00 00 DA 0D 03 00 FF FF FF FF  |....g..............Ku...........|
2026-04-05 01:32:06,685 [INFO]       00010D58: [DA 0D 03 00] 00 00 00 00 60 DE 3F 4B 75 01 00 00 F5 0D 03 00 FF FF FF FF F5 0D 03 00 00 00 00 00  |........`.?Ku...................|
2026-04-05 01:32:06,685 [INFO]       00010D78: F0 DC 3F 4B 75 01 00 00 F7 0D 03 00 8F 00 00 00 F7 0D 03 00 00 00 00 00 10 DA 3F 4B 75 01 00 00  |..?Ku.....................?Ku...|
2026-04-05 01:32:06,685 [INFO] 
    -- ID 200152 (raw_le32(200152)) at offset 169932 --
2026-04-05 01:32:06,685 [INFO]       0002978C: 3C 0E 03 00 01 00 00 00 00 00 00 00 00 00 00 00 2E 00 00 00 00 00 00 00 00 00 00 00 C0 65 5B 34  |<............................e[4|
2026-04-05 01:32:06,685 [INFO]       000297AC: 73 01 00 00 00 00 00 00 00 00 00 00 F2 05 00 00 F5 90 8A 00 5D 27 00 00 02 00 00 00 00 00 00 00  |s...................]'..........|
2026-04-05 01:32:06,685 [INFO]       000297CC: [D8 0D 03 00] 01 00 00 00 00 00 00 00 00 00 69 00 74 00 21 00 00 00 00 00 00 00 00 00 C0 65 5B 34  |..............i.t.!..........e[4|
2026-04-05 01:32:06,685 [INFO]       000297EC: 73 01 00 00 00 00 00 00 00 00 00 00 F1 05 00 00 F5 90 8A 00 5D 27 00 00 01 00 00 00 00 00 00 00  |s...................]'..........|
2026-04-05 01:32:06,685 [INFO] 
    -- ID 200152 (raw_le32(200152)) at offset 171212 --
2026-04-05 01:32:06,685 [INFO]       00029C8C: 6C 00 65 00 5F 00 30 00 31 00 5F 00 52 00 00 00 00 00 00 00 00 00 00 00 00 00 00 00 C0 65 5B 34  |l.e._.0.1._.R................e[4|
2026-04-05 01:32:06,685 [INFO]       00029CAC: 73 01 00 00 00 00 00 00 00 00 00 00 EC 05 00 00 F5 90 8A 00 86 75 00 00 02 00 00 00 00 00 00 00  |s....................u..........|
2026-04-05 01:32:06,685 [INFO]       00029CCC: [D8 0D 03 00] 01 00 00 00 00 00 00 00 00 00 21 00 00 00 00 00 00 00 00 00 00 00 00 00 C0 65 5B 34  |..............!..............e[4|
2026-04-05 01:32:06,685 [INFO]       00029CEC: 73 01 00 00 00 00 00 00 00 00 00 00 EB 05 00 00 F5 90 8A 00 86 75 00 00 01 00 00 00 00 00 00 00  |s....................u..........|
2026-04-05 01:32:06,685 [INFO] 
    -- ID 200152 (raw_le32(200152)) at offset 245836 --
2026-04-05 01:32:06,685 [INFO]       0003C00C: 1E 0E 03 00 01 00 00 00 00 00 00 00 03 00 00 00 01 00 00 00 73 00 76 00 2F 00 4A 00 C0 65 5B 34  |....................s.v./.J..e[4|
2026-04-05 01:32:06,685 [INFO]       0003C02C: 73 01 00 00 00 00 00 00 00 00 00 00 CD 01 00 00 CB 90 8A 00 3C 75 00 00 01 00 00 00 00 00 00 00  |s...................<u..........|
2026-04-05 01:32:06,685 [INFO]       0003C04C: [D8 0D 03 00] 01 00 00 00 00 00 00 00 03 00 00 00 01 00 00 00 33 00 74 00 6A 00 70 00 78 51 DA 30  |....................3.t.j.p.xQ.0|
2026-04-05 01:32:06,685 [INFO]       0003C06C: 73 01 00 00 00 00 00 00 00 00 00 00 00 00 00 00 00 00 00 00 04 00 00 00 00 00 00 00 06 04 00 00  |s...............................|
2026-04-05 01:32:06,685 [INFO] 
    -- ID 200152 (raw_le32(200152)) at offset 270668 --
2026-04-05 01:32:06,685 [INFO]       0004210C: 1E 0E 03 00 01 00 00 00 00 00 00 00 03 00 00 00 01 00 00 00 00 00 00 00 00 00 00 00 C0 65 5B 34  |.............................e[4|
2026-04-05 01:32:06,685 [INFO]       0004212C: 73 01 00 00 00 00 00 00 00 00 00 00 94 04 00 00 CB 90 8A 00 5E 75 00 00 01 00 00 00 00 00 00 00  |s...................^u..........|
2026-04-05 01:32:06,685 [INFO]       0004214C: [D8 0D 03 00] 01 00 00 00 00 00 00 00 03 00 00 00 01 00 00 00 00 00 00 00 00 00 00 00 C0 65 5B 34  |.............................e[4|
2026-04-05 01:32:06,685 [INFO]       0004216C: 73 01 00 00 00 00 00 00 00 00 00 00 E3 01 00 00 CB 90 8A 00 20 27 00 00 06 00 00 00 01 00 00 00  |s................... '..........|
2026-04-05 01:32:06,686 [INFO] 
    -- ID 200152 (raw_le32(200152)) at offset 272268 --
2026-04-05 01:32:06,686 [INFO]       0004274C: 1E 0E 03 00 01 00 00 00 00 00 00 00 03 00 00 00 01 00 00 00 72 72 61 79 00 00 00 00 C0 65 5B 34  |....................rray.....e[4|
2026-04-05 01:32:06,686 [INFO]       0004276C: 73 01 00 00 00 00 00 00 00 00 00 00 DC 01 00 00 CB 90 8A 00 20 27 00 00 01 00 00 00 00 00 00 00  |s................... '..........|
2026-04-05 01:32:06,686 [INFO]       0004278C: [D8 0D 03 00] 01 00 00 00 00 00 00 00 03 00 00 00 01 00 00 00 79 00 00 00 00 00 00 00 C0 65 5B 34  |....................y........e[4|
2026-04-05 01:32:06,686 [INFO]       000427AC: 73 01 00 00 00 00 00 00 00 00 00 00 DB 01 00 00 CB 90 8A 00 51 75 00 00 06 00 00 00 01 00 00 00  |s...................Qu..........|
2026-04-05 01:32:06,686 [INFO] 
    -- ID 200152 (raw_le32(200152)) at offset 272972 --
2026-04-05 01:32:06,686 [INFO]       00042A0C: 1E 0E 03 00 01 00 00 00 00 00 00 00 00 00 00 00 00 00 90 C1 A6 45 75 01 00 00 00 00 C0 65 5B 34  |.....................Eu......e[4|
2026-04-05 01:32:06,686 [INFO]       00042A2C: 73 01 00 00 00 00 00 00 00 00 00 00 D5 01 00 00 CB 90 8A 00 51 75 00 00 01 00 00 00 00 00 00 00  |s...................Qu..........|
2026-04-05 01:32:06,686 [INFO]       00042A4C: [D8 0D 03 00] 01 00 00 00 00 00 00 00 03 00 00 00 01 00 00 00 00 00 00 00 00 00 00 00 F0 AF 25 30  |..............................%0|
2026-04-05 01:32:06,687 [INFO]       00042A6C: 73 01 00 00 00 00 00 00 00 00 00 00 12 00 00 00 53 00 70 00 5F 00 43 00 68 00 5F 00 4A 00 61 00  |s...............S.p._.C.h._.J.a.|
2026-04-05 01:32:06,687 [INFO] 
============================================================
2026-04-05 01:32:06,687 [INFO]   Region #2 (chunk 3/5, 26,214,400 bytes)
2026-04-05 01:32:06,687 [INFO] ============================================================
2026-04-05 01:32:06,687 [INFO]   Working with 7 hit locations in 26,214,400 bytes
2026-04-05 01:32:06,687 [DEBUG]   All hit encodings: [(200154, 'raw_le32(200154)', 65536), (200154, 'raw_le32(200154)', 4670976), (200152, 'raw_le32(200152)', 4670920), (200652, 'raw_le32(200652)', 4685000), (200722, 'raw_le32(200722)', 4686960), (200722, 'raw_le32(200722)', 14101904), (201152, 'raw_le32(201152)', 4699080)]
2026-04-05 01:32:06,687 [INFO] 
  > Strategy 1: Targeted MsgPack search (backward from hits)...
2026-04-05 01:32:06,687 [INFO]     No MsgPack-encoded hits to search backwards from
2026-04-05 01:32:06,687 [INFO]     No MsgPack containers found enclosing the target IDs
2026-04-05 01:32:06,687 [INFO] 
  > Strategy 2: Raw struct layout analysis...
2026-04-05 01:32:06,687 [INFO]     Hit breakdown: 0 MsgPack, 7 raw LE32
2026-04-05 01:32:06,687 [INFO] 
    Per-ID raw locations:
2026-04-05 01:32:06,687 [INFO]       ID 200154: 2 occurrences at offsets [65536, 4670976]
2026-04-05 01:32:06,687 [DEBUG]       ID 200154: ALL offsets = [65536, 4670976]
2026-04-05 01:32:06,687 [INFO]       ID 200152: 1 occurrences at offsets [4670920]
2026-04-05 01:32:06,687 [DEBUG]       ID 200152: ALL offsets = [4670920]
2026-04-05 01:32:06,687 [INFO]       ID 200441: not found as raw LE32
2026-04-05 01:32:06,687 [INFO]       ID 200652: 1 occurrences at offsets [4685000]
2026-04-05 01:32:06,688 [DEBUG]       ID 200652: ALL offsets = [4685000]
2026-04-05 01:32:06,688 [INFO]       ID 200722: 2 occurrences at offsets [4686960, 14101904]
2026-04-05 01:32:06,688 [DEBUG]       ID 200722: ALL offsets = [4686960, 14101904]
2026-04-05 01:32:06,688 [INFO]       ID 201152: 1 occurrences at offsets [4699080]
2026-04-05 01:32:06,688 [DEBUG]       ID 201152: ALL offsets = [4699080]
2026-04-05 01:32:06,688 [INFO] 
    Spacing analysis (looking for regular struct patterns):
2026-04-05 01:32:06,688 [INFO]     No regular spacing detected (data may not be a struct array)
2026-04-05 01:32:06,688 [INFO] 
    Cross-ID proximity (IDs that appear near each other):
2026-04-05 01:32:06,688 [INFO]     Found 2 clusters with 2+ different IDs nearby:
2026-04-05 01:32:06,688 [INFO]       Cluster 0: offsets 4670920-4670976 (56 bytes span), IDs: [200152, 200154]
2026-04-05 01:32:06,688 [DEBUG]       Cluster 0 detail: [(200152, 4670920, 'raw_le32(200152)'), (200154, 4670976, 'raw_le32(200154)')]
2026-04-05 01:32:06,688 [INFO]       Cluster 1: offsets 4685000-4686960 (1960 bytes span), IDs: [200652, 200722]
2026-04-05 01:32:06,688 [DEBUG]       Cluster 1 detail: [(200652, 4685000, 'raw_le32(200652)'), (200722, 4686960, 'raw_le32(200722)')]
2026-04-05 01:32:06,688 [INFO] 
  > Strategy 3: MsgPack probe from cluster starts...
2026-04-05 01:32:06,807 [INFO] 
  > Strategy 4: Nearby strings analysis...
2026-04-05 01:32:06,808 [INFO]     Found 17 unique strings near ID locations:
2026-04-05 01:32:06,808 [INFO]       " dAps"
2026-04-05 01:32:06,808 [INFO]       "&`rs"
2026-04-05 01:32:06,808 [INFO]       "(@ qs"
2026-04-05 01:32:06,809 [INFO]       "(isrs"
2026-04-05 01:32:06,809 [INFO]       ".Mrs"
2026-04-05 01:32:06,809 [INFO]       "0WCss"
2026-04-05 01:32:06,809 [INFO]       "1}ps"
2026-04-05 01:32:06,809 [INFO]       "8:dqs"
2026-04-05 01:32:06,809 [INFO]       "8]+ps"
2026-04-05 01:32:06,809 [INFO]       ":3ps"
2026-04-05 01:32:06,809 [INFO]       "EKps"
2026-04-05 01:32:06,809 [INFO]       "Hc6ps"
2026-04-05 01:32:06,809 [INFO]       "J]rs"
2026-04-05 01:32:06,809 [INFO]       "UCps"
2026-04-05 01:32:06,809 [INFO]       "g1ss"
2026-04-05 01:32:06,809 [INFO]       "h=Bps"
2026-04-05 01:32:06,809 [INFO]       "u2ps"
2026-04-05 01:32:06,809 [DEBUG]     ALL nearby strings: [' dAps', '&`rs', '(@ qs', '(isrs', '.Mrs', '0WCss', '1}ps', '8:dqs', '8]+ps', ':3ps', 'EKps', 'Hc6ps', 'J]rs', 'UCps', 'g1ss', 'h=Bps', 'u2ps']
2026-04-05 01:32:06,809 [INFO] 
    Hex context around each hit (+/-64 bytes):
2026-04-05 01:32:06,809 [INFO] 
    -- ID 200154 (raw_le32(200154)) at offset 65536 --
2026-04-05 01:32:06,809 [INFO]       0000FFC0: 0E 0C 03 00 DC 0E 03 00 7A 0B 03 00 D0 0E 03 00 E8 0E 03 00 88 0E 03 00 48 0F 03 00 7E 0B 03 00  |........z...............H...~...|
2026-04-05 01:32:06,810 [INFO]       0000FFE0: AA 0B 03 00 16 0D 03 00 26 0F 03 00 02 0F 03 00 48 0D 03 00 74 0D 03 00 9E 0B 03 00 6E 0E 03 00  |........&.......H...t.......n...|
2026-04-05 01:32:06,810 [INFO]       00010000: [DA 0D 03 00] E6 0E 03 00 54 0F 03 00 A2 0F 03 00 EC 0D 03 00 0E 0D 03 00 62 0C 03 00 73 01 00 00  |........T...............b...s...|
2026-04-05 01:32:06,810 [INFO]       00010020: 50 3E 17 70 73 01 00 00 21 00 00 00 00 00 00 00 48 D6 5D 70 73 01 00 00 78 16 5E 70 73 01 00 00  |P>.ps...!.......H.]ps...x.^ps...|
2026-04-05 01:32:06,810 [INFO] 
    -- ID 200152 (raw_le32(200152)) at offset 4670920 --
2026-04-05 01:32:06,810 [INFO]       00474588: 5B 71 05 00 00 00 00 00 D6 0D 03 00 00 00 00 00 10 04 00 70 73 01 00 00 60 64 94 72 73 01 00 00  |[q.................ps...`d.rs...|
2026-04-05 01:32:06,810 [INFO]       004745A8: 10 04 00 70 73 01 00 00 00 00 00 00 00 00 00 00 04 00 00 00 74 01 00 00 A3 FA 03 00 00 00 00 00  |...ps...............t...........|
2026-04-05 01:32:06,810 [INFO]       004745C8: [D8 0D 03 00] 00 00 00 00 88 BC 66 71 73 01 00 00 E8 45 4B 70 73 01 00 00 20 64 41 70 73 01 00 00  |..........fqs....EKps... dAps...|
2026-04-05 01:32:06,811 [INFO]       004745E8: 01 00 00 00 00 00 00 00 04 00 00 00 74 01 00 00 11 53 08 00 00 00 00 00 DA 0D 03 00 00 00 00 00  |............t....S..............|
2026-04-05 01:32:06,811 [INFO] 
    -- ID 200154 (raw_le32(200154)) at offset 4670976 --
2026-04-05 01:32:06,811 [INFO]       004745C0: A3 FA 03 00 00 00 00 00 D8 0D 03 00 00 00 00 00 88 BC 66 71 73 01 00 00 E8 45 4B 70 73 01 00 00  |..................fqs....EKps...|
2026-04-05 01:32:06,811 [INFO]       004745E0: 20 64 41 70 73 01 00 00 01 00 00 00 00 00 00 00 04 00 00 00 74 01 00 00 11 53 08 00 00 00 00 00  | dAps...............t....S......|
2026-04-05 01:32:06,811 [INFO]       00474600: [DA 0D 03 00] 00 00 00 00 50 C6 89 70 73 01 00 00 88 3B 0D 71 73 01 00 00 F0 20 12 71 73 01 00 00  |........P..ps....;.qs.... .qs...|
2026-04-05 01:32:06,811 [INFO]       00474620: 00 00 00 00 00 00 00 00 04 00 00 00 59 00 00 00 AE 16 08 00 00 00 00 00 DC 0D 03 00 00 00 00 00  |............Y...................|
2026-04-05 01:32:06,811 [INFO] 
    -- ID 200652 (raw_le32(200652)) at offset 4685000 --
2026-04-05 01:32:06,811 [INFO]       00477C88: 6B 4B 04 00 00 00 00 00 CA 0F 03 00 00 00 00 00 60 65 93 70 73 01 00 00 00 04 65 70 73 01 00 00  |kK..............`e.ps.....eps...|
2026-04-05 01:32:06,811 [INFO]       00477CA8: 10 04 00 70 73 01 00 00 01 00 00 00 00 00 00 00 04 00 00 00 74 01 00 00 4F 4A 0A 00 00 00 00 00  |...ps...............t...OJ......|
2026-04-05 01:32:06,811 [INFO]       00477CC8: [CC 0F 03 00] 00 00 00 00 E8 A2 87 70 73 01 00 00 80 EA 42 70 73 01 00 00 38 AE 1A 71 73 01 00 00  |...........ps.....Bps...8..qs...|
2026-04-05 01:32:06,811 [INFO]       00477CE8: 00 00 00 00 00 00 00 00 04 00 00 00 59 00 00 00 4D 55 04 00 00 00 00 00 CE 0F 03 00 00 00 00 00  |............Y...MU..............|
2026-04-05 01:32:06,811 [INFO] 
    -- ID 200722 (raw_le32(200722)) at offset 4686960 --
2026-04-05 01:32:06,811 [INFO]       00478430: 7E 99 00 00 00 00 00 00 10 10 03 00 00 00 00 00 50 0F 20 70 73 01 00 00 A8 9C 31 70 73 01 00 00  |~...............P. ps.....1ps...|
2026-04-05 01:32:06,812 [INFO]       00478450: 20 49 9A 71 73 01 00 00 00 00 00 00 00 00 00 00 04 00 00 00 74 01 00 00 86 EB 05 00 00 00 00 00  | I.qs...............t...........|
2026-04-05 01:32:06,812 [INFO]       00478470: [12 10 03 00] 00 00 00 00 88 B4 21 70 73 01 00 00 78 59 12 70 73 01 00 00 C0 1A 1C 70 73 01 00 00  |..........!ps...xY.ps......ps...|
2026-04-05 01:32:06,812 [INFO]       00478490: 01 00 00 00 00 00 00 00 04 00 00 00 59 00 00 00 4C 60 07 00 00 00 00 00 14 10 03 00 00 00 00 00  |............Y...L`..............|
2026-04-05 01:32:06,812 [INFO] 
    -- ID 201152 (raw_le32(201152)) at offset 4699080 --
2026-04-05 01:32:06,812 [INFO]       0047B388: B9 9A 09 00 00 00 00 00 BE 11 03 00 00 00 00 00 B8 E3 A5 71 73 01 00 00 A8 56 B2 70 73 01 00 00  |...................qs....V.ps...|
2026-04-05 01:32:06,812 [INFO]       0047B3A8: 38 15 D5 71 73 01 00 00 00 00 00 00 00 00 00 00 04 00 00 00 74 01 00 00 E1 66 08 00 00 00 00 00  |8..qs...............t....f......|
2026-04-05 01:32:06,812 [INFO]       0047B3C8: [C0 11 03 00] 00 00 00 00 20 FE 16 71 73 01 00 00 D8 9E 2F 71 73 01 00 00 C0 9B D6 72 73 01 00 00  |........ ..qs...../qs......rs...|
2026-04-05 01:32:06,812 [INFO]       0047B3E8: 01 00 00 00 00 00 00 00 04 00 00 00 59 00 00 00 F9 79 00 00 00 00 00 00 C2 11 03 00 00 00 00 00  |............Y....y..............|
2026-04-05 01:32:06,812 [INFO] 
    -- ID 200722 (raw_le32(200722)) at offset 14101904 --
2026-04-05 01:32:06,812 [INFO]       00D72D50: 04 00 00 00 74 01 00 00 57 31 0A 00 00 00 00 00 92 35 07 00 00 00 00 00 10 04 00 70 73 01 00 00  |....t...W1.......5.........ps...|
2026-04-05 01:32:06,812 [INFO]       00D72D70: F0 D5 57 70 73 01 00 00 10 04 00 70 73 01 00 00 00 00 00 00 00 00 00 00 04 00 00 00 59 00 00 00  |..Wps......ps...............Y...|
2026-04-05 01:32:06,812 [INFO]       00D72D90: [12 10 03 00] 00 00 00 00 94 35 07 00 00 00 00 00 10 04 00 70 73 01 00 00 10 FB 50 71 73 01 00 00  |.........5.........ps.....Pqs...|
2026-04-05 01:32:06,812 [INFO]       00D72DB0: 10 68 CA 72 73 01 00 00 01 00 00 00 00 00 00 00 04 00 00 00 59 00 00 00 B3 34 07 00 00 00 00 00  |.h.rs...............Y....4......|
2026-04-05 01:32:06,812 [INFO] 
============================================================
2026-04-05 01:32:06,812 [INFO]   Region #4 (chunk 4/5, 26,214,400 bytes)
2026-04-05 01:32:06,813 [INFO] ============================================================
2026-04-05 01:32:06,813 [INFO]   Working with 4 hit locations in 26,214,400 bytes
2026-04-05 01:32:06,813 [DEBUG]   All hit encodings: [(200154, 'raw_le32(200154)', 21187136), (200154, 'raw_le32(200154)', 24461136), (200152, 'raw_le32(200152)', 65536), (200652, 'raw_le32(200652)', 14295776)]
2026-04-05 01:32:06,813 [INFO] 
  > Strategy 1: Targeted MsgPack search (backward from hits)...
2026-04-05 01:32:06,813 [INFO]     No MsgPack-encoded hits to search backwards from
2026-04-05 01:32:06,813 [INFO]     No MsgPack containers found enclosing the target IDs
2026-04-05 01:32:06,813 [INFO] 
  > Strategy 2: Raw struct layout analysis...
2026-04-05 01:32:06,813 [INFO]     Hit breakdown: 0 MsgPack, 4 raw LE32
2026-04-05 01:32:06,813 [INFO] 
    Per-ID raw locations:
2026-04-05 01:32:06,813 [INFO]       ID 200154: 2 occurrences at offsets [21187136, 24461136]
2026-04-05 01:32:06,813 [DEBUG]       ID 200154: ALL offsets = [21187136, 24461136]
2026-04-05 01:32:06,813 [INFO]       ID 200152: 1 occurrences at offsets [65536]
2026-04-05 01:32:06,813 [DEBUG]       ID 200152: ALL offsets = [65536]
2026-04-05 01:32:06,813 [INFO]       ID 200441: not found as raw LE32
2026-04-05 01:32:06,813 [INFO]       ID 200652: 1 occurrences at offsets [14295776]
2026-04-05 01:32:06,813 [DEBUG]       ID 200652: ALL offsets = [14295776]
2026-04-05 01:32:06,813 [INFO]       ID 200722: not found as raw LE32
2026-04-05 01:32:06,813 [INFO]       ID 201152: not found as raw LE32
2026-04-05 01:32:06,813 [INFO] 
    Spacing analysis (looking for regular struct patterns):
2026-04-05 01:32:06,813 [INFO]     No regular spacing detected (data may not be a struct array)
2026-04-05 01:32:06,813 [INFO] 
    Cross-ID proximity (IDs that appear near each other):
2026-04-05 01:32:06,813 [INFO]     Found 0 clusters with 2+ different IDs nearby:
2026-04-05 01:32:06,813 [INFO] 
  > Strategy 4: Nearby strings analysis...
2026-04-05 01:32:06,814 [INFO]     No readable strings found near ID locations
2026-04-05 01:32:06,814 [INFO] 
    Hex context around each hit (+/-64 bytes):
2026-04-05 01:32:06,814 [INFO] 
    -- ID 200152 (raw_le32(200152)) at offset 65536 --
2026-04-05 01:32:06,814 [INFO]       0000FFC0: 00 00 00 00 00 00 00 00 00 00 00 00 00 00 00 00 00 00 00 00 00 00 00 00 D8 96 3C C4 00 00 00 00  |..........................<.....|
2026-04-05 01:32:06,814 [INFO]       0000FFE0: 18 AE 07 00 00 00 00 00 04 00 00 00 74 01 00 00 A7 16 04 00 00 00 00 00 E0 96 3C E0 00 00 00 00  |............t.............<.....|
2026-04-05 01:32:06,814 [INFO]       00010000: [D8 0D 03 00] 00 00 00 00 04 00 00 00 74 01 00 00 A3 FA 03 00 00 00 00 00 FF FF FF FF 00 00 00 00  |............t...................|
2026-04-05 01:32:06,814 [INFO]       00010020: 00 00 00 00 00 00 00 00 00 00 00 00 00 00 00 00 00 00 00 00 00 00 00 00 FF FF FF FF 00 00 00 00  |................................|
2026-04-05 01:32:06,814 [INFO] 
    -- ID 200652 (raw_le32(200652)) at offset 14295776 --
2026-04-05 01:32:06,814 [INFO]       00DA22A0: 00 00 00 00 00 00 00 00 00 00 00 00 00 00 00 00 00 00 00 00 00 00 00 00 FF FF FF FF 00 00 00 00  |................................|
2026-04-05 01:32:06,814 [INFO]       00DA22C0: 00 00 00 00 00 00 00 00 00 00 00 00 00 00 00 00 00 00 00 00 00 00 00 00 C8 B9 15 95 00 00 00 00  |................................|
2026-04-05 01:32:06,814 [INFO]       00DA22E0: [CC 0F 03 00] 00 00 00 00 04 00 00 00 74 01 00 00 4F 4A 0A 00 00 00 00 00 C0 B9 15 41 00 00 00 00  |............t...OJ.........A....|
2026-04-05 01:32:06,814 [INFO]       00DA2300: 64 C8 07 00 00 00 00 00 04 00 00 00 74 01 00 00 2A 5C 08 00 00 00 00 00 14 BA 15 59 00 00 00 00  |d...........t...*\.........Y....|
2026-04-05 01:32:06,814 [INFO] 
    -- ID 200154 (raw_le32(200154)) at offset 21187136 --
2026-04-05 01:32:06,814 [INFO]       01434A00: 00 00 00 00 00 00 00 00 00 00 00 00 00 00 00 00 00 00 00 00 00 00 00 00 FF FF FF FF 00 00 00 00  |................................|
2026-04-05 01:32:06,814 [INFO]       01434A20: 00 00 00 00 00 00 00 00 00 00 00 00 00 00 00 00 00 00 00 00 00 00 00 00 38 E1 7E 99 00 00 00 00  |........................8.~.....|
2026-04-05 01:32:06,815 [INFO]       01434A40: [DA 0D 03 00] 00 00 00 00 04 00 00 00 74 01 00 00 11 53 08 00 00 00 00 00 FF FF FF FF 00 00 00 00  |............t....S..............|
2026-04-05 01:32:06,815 [INFO]       01434A60: 00 00 00 00 00 00 00 00 00 00 00 00 00 00 00 00 00 00 00 00 00 00 00 00 FF FF FF FF 00 00 00 00  |................................|
2026-04-05 01:32:06,815 [INFO] 
    -- ID 200154 (raw_le32(200154)) at offset 24461136 --
2026-04-05 01:32:06,815 [INFO]       01753F10: 00 00 00 00 00 00 00 00 FF FF FF FF 00 00 00 00 00 00 00 00 00 00 00 00 00 00 00 00 00 00 00 00  |................................|
2026-04-05 01:32:06,815 [INFO]       01753F30: 00 00 00 00 00 00 00 00 28 D6 B0 65 00 00 00 00 F8 8F 0D 00 00 00 00 00 04 00 00 00 59 00 00 00  |........(..e................Y...|
2026-04-05 01:32:06,815 [INFO]       01753F50: [DA 0D 03 00] 00 00 00 00 FF FF FF FF 00 00 00 00 00 00 00 00 00 00 00 00 00 00 00 00 00 00 00 00  |................................|
2026-04-05 01:32:06,815 [INFO]       01753F70: 00 00 00 00 00 00 00 00 7C D6 B0 35 00 00 00 00 EC F0 02 00 00 00 00 00 04 00 00 00 74 01 00 00  |........|..5................t...|
2026-04-05 01:32:06,815 [INFO] 
============================================================
2026-04-05 01:32:06,815 [INFO]   Region #35 (chunk 5/5, 2,220,672 bytes)
2026-04-05 01:32:06,815 [INFO] ============================================================
2026-04-05 01:32:06,816 [INFO]   Working with 12 hit locations in 2,220,672 bytes
2026-04-05 01:32:06,816 [DEBUG]   All hit encodings: [(200154, 'raw_le32(200154)', 72992), (200154, 'raw_le32(200154)', 106816), (200152, 'raw_le32(200152)', 65536), (200152, 'raw_le32(200152)', 99360), (200441, 'raw_le32(200441)', 87552), (200441, 'raw_le32(200441)', 121376), (200652, 'raw_le32(200652)', 76736), (200652, 'raw_le32(200652)', 110560), (200722, 'raw_le32(200722)', 75040), (200722, 'raw_le32(200722)', 108864), (201152, 'raw_le32(201152)', 89696), (201152, 'raw_le32(201152)', 123520)]
2026-04-05 01:32:06,816 [INFO] 
  > Strategy 1: Targeted MsgPack search (backward from hits)...
2026-04-05 01:32:06,816 [INFO]     No MsgPack-encoded hits to search backwards from
2026-04-05 01:32:06,816 [INFO]     No MsgPack containers found enclosing the target IDs
2026-04-05 01:32:06,816 [INFO] 
  > Strategy 2: Raw struct layout analysis...
2026-04-05 01:32:06,816 [INFO]     Hit breakdown: 0 MsgPack, 12 raw LE32
2026-04-05 01:32:06,816 [INFO] 
    Per-ID raw locations:
2026-04-05 01:32:06,816 [INFO]       ID 200154: 2 occurrences at offsets [72992, 106816]
2026-04-05 01:32:06,816 [DEBUG]       ID 200154: ALL offsets = [72992, 106816]
2026-04-05 01:32:06,816 [INFO]       ID 200152: 2 occurrences at offsets [65536, 99360]
2026-04-05 01:32:06,816 [DEBUG]       ID 200152: ALL offsets = [65536, 99360]
2026-04-05 01:32:06,816 [INFO]       ID 200441: 2 occurrences at offsets [87552, 121376]
2026-04-05 01:32:06,816 [DEBUG]       ID 200441: ALL offsets = [87552, 121376]
2026-04-05 01:32:06,816 [INFO]       ID 200652: 2 occurrences at offsets [76736, 110560]
2026-04-05 01:32:06,816 [DEBUG]       ID 200652: ALL offsets = [76736, 110560]
2026-04-05 01:32:06,816 [INFO]       ID 200722: 2 occurrences at offsets [75040, 108864]
2026-04-05 01:32:06,816 [DEBUG]       ID 200722: ALL offsets = [75040, 108864]
2026-04-05 01:32:06,816 [INFO]       ID 201152: 2 occurrences at offsets [89696, 123520]
2026-04-05 01:32:06,816 [DEBUG]       ID 201152: ALL offsets = [89696, 123520]
2026-04-05 01:32:06,816 [INFO] 
    Spacing analysis (looking for regular struct patterns):
2026-04-05 01:32:06,816 [INFO]     No regular spacing detected (data may not be a struct array)
2026-04-05 01:32:06,816 [INFO] 
    Cross-ID proximity (IDs that appear near each other):
2026-04-05 01:32:06,816 [INFO]     Found 4 clusters with 2+ different IDs nearby:
2026-04-05 01:32:06,817 [INFO]       Cluster 0: offsets 72992-76736 (3744 bytes span), IDs: [200154, 200652, 200722]
2026-04-05 01:32:06,817 [DEBUG]       Cluster 0 detail: [(200154, 72992, 'raw_le32(200154)'), (200722, 75040, 'raw_le32(200722)'), (200652, 76736, 'raw_le32(200652)')]
2026-04-05 01:32:06,817 [INFO]       Cluster 1: offsets 87552-89696 (2144 bytes span), IDs: [200441, 201152]
2026-04-05 01:32:06,817 [DEBUG]       Cluster 1 detail: [(200441, 87552, 'raw_le32(200441)'), (201152, 89696, 'raw_le32(201152)')]
2026-04-05 01:32:06,817 [INFO]       Cluster 2: offsets 106816-110560 (3744 bytes span), IDs: [200154, 200652, 200722]
2026-04-05 01:32:06,817 [DEBUG]       Cluster 2 detail: [(200154, 106816, 'raw_le32(200154)'), (200722, 108864, 'raw_le32(200722)'), (200652, 110560, 'raw_le32(200652)')]
2026-04-05 01:32:06,817 [INFO]       Cluster 3: offsets 121376-123520 (2144 bytes span), IDs: [200441, 201152]
2026-04-05 01:32:06,817 [DEBUG]       Cluster 3 detail: [(200441, 121376, 'raw_le32(200441)'), (201152, 123520, 'raw_le32(201152)')]
2026-04-05 01:32:06,817 [INFO] 
  > Strategy 3: MsgPack probe from cluster starts...
2026-04-05 01:32:06,853 [INFO] 
  > Strategy 4: Nearby strings analysis...
2026-04-05 01:32:06,854 [INFO]     Found 55 unique strings near ID locations:
2026-04-05 01:32:06,854 [INFO]       " Go Message"
2026-04-05 01:32:06,854 [INFO]       " always at the ready for her5"
2026-04-05 01:32:06,854 [INFO]       " countryC"
2026-04-05 01:32:06,854 [INFO]       " decides who gets to bathe first"
2026-04-05 01:32:06,854 [INFO]       " hard-working motherK"
2026-04-05 01:32:06,854 [INFO]       "#)The secretary te"
2026-04-05 01:32:06,854 [INFO]       "#,Meeting challenges head-on! This trainer is highly motivated.O"
2026-04-05 01:32:06,855 [INFO]       "#-The subject of <i>pointed</i> interest "
2026-04-05 01:32:06,855 [INFO]       "#;;'JGirls Sun"
2026-04-05 01:32:06,855 [INFO]       "';;!"
2026-04-05 01:32:06,855 [INFO]       "';;!wIndian Breath"
2026-04-05 01:32:06,855 [INFO]       ");;!rF"
2026-04-05 01:32:06,855 [INFO]       ");;'7Choichi George"
2026-04-05 01:32:06,855 [INFO]       "+;;!uLuminous Escudo"
2026-04-05 01:32:06,855 [INFO]       "+;;!vJewel Malachite"
2026-04-05 01:32:06,855 [INFO]       "1Junior Division"
2026-04-05 01:32:06,855 [INFO]       "5Senior Division"
2026-04-05 01:32:06,855 [INFO]       ";;!sMoon Pop"
2026-04-05 01:32:06,855 [INFO]       ";;!tRye Field"
2026-04-05 01:32:06,855 [INFO]       ";;!xReed S.F."
2026-04-05 01:32:06,855 [INFO]       ";;'6Duo Jet"
2026-04-05 01:32:06,855 [INFO]       "Being wasteful!"
2026-04-05 01:32:06,855 [INFO]       "Crowded place"
2026-04-05 01:32:06,855 [INFO]       "Eating snacks with tea&"
2026-04-05 01:32:06,855 [INFO]       "Her family has a r"
2026-04-05 01:32:06,855 [INFO]       "Hey hey! It's Tokai TeiI"
2026-04-05 01:32:06,855 [INFO]       "I am Symboli Rudolf. I hold the honor of being the "Emperor" wh"
2026-04-05 01:32:06,855 [INFO]       "I'mn"
2026-04-05 01:32:06,855 [INFO]       "Insight Catch"
2026-04-05 01:32:06,855 [INFO]       "Left and right: 22.5cm&"
2026-04-05 01:32:06,855 [DEBUG]     ALL nearby strings: [' Go Message', ' always at the ready for her5', ' countryC', ' decides who gets to bathe first', ' hard-working motherK', '#)The secretary te', '#,Meeting challenges head-on! This trainer is highly motivated.O', '#-The subject of <i>pointed</i> interest ', "#;;'JGirls Sun", "';;!", "';;!wIndian Breath", ');;!rF', ");;'7Choichi George", '+;;!uLuminous Escudo', '+;;!vJewel Malachite', '1Junior Division', '5Senior Division', ';;!sMoon Pop', ';;!tRye Field', ';;!xReed S.F.', ";;'6Duo Jet", 'Being wasteful!', 'Crowded place', 'Eating snacks with tea&', 'Her family has a r', "Hey hey! It's Tokai TeiI", 'I am Symboli Rudolf. I hold the honor of being the "Emperor" wh', "I'mn", 'Insight Catch', 'Left and right: 22.5cm&', 'Left and right: 23.0cm!', 'Left: 24.0cm\\nRight: 24.5cm!', "Marvelous! She'll change the world with her unbeatable spirit!W", 'Muahahaha! Feast your eyes upon', "My name's Special W}", "Name's T", 'Not going all out!-', 'Often gets scolded by her mom for causing mischief with her dn', 'The bright', 'The flames of justice buc', 'Turf', 'Waiting in line, flattering others', 'Waking up early', 'a Deal', 'achieno Star', 'arrots! Oh, and running too! ', 'd day! Especially for an Uma Otaku!', 'er, let us forge a path to honor', 'hot springs, and knows of at lea}', 'n depend on!y', 'n from her dadF', "n me! Because there's gonna be a new undefeated Triple Crown champion in town!l", 'raight from the URA, she is firm yet kind.i', 'rt/Turf', 'une-telling.J']
2026-04-05 01:32:06,855 [INFO] 
    Hex context around each hit (+/-64 bytes):
2026-04-05 01:32:06,855 [INFO] 
    -- ID 200152 (raw_le32(200152)) at offset 65536 --
2026-04-05 01:32:06,855 [INFO]       0000FFC0: 6A 65 63 74 20 6F 66 20 3C 69 3E 70 6F 69 6E 74 65 64 3C 2F 69 3E 20 69 6E 74 65 72 65 73 74 20  |ject of <i>pointed</i> interest |
2026-04-05 01:32:06,855 [INFO]       0000FFE0: A9 0E 03 00 59 00 00 00 0D 00 00 00 00 00 00 00 50 AE 5A A8 74 01 00 00 0D 00 00 00 00 00 00 00  |....Y...........P.Z.t...........|
2026-04-05 01:32:06,855 [INFO]       00010000: [D8 0D 03 00] 59 00 00 00 22 00 00 00 00 00 00 00 60 BD 60 A8 74 01 00 00 13 00 00 00 00 00 00 00  |....Y...".......`.`.t...........|
2026-04-05 01:32:06,855 [INFO]       00010020: 90 00 90 23 2C 4D 65 65 74 69 6E 67 20 63 68 61 6C 6C 65 6E 67 65 73 20 68 65 61 64 2D 6F 6E 21  |...#,Meeting challenges head-on!|
2026-04-05 01:32:06,855 [INFO] 
    -- ID 200154 (raw_le32(200154)) at offset 72992 --
2026-04-05 01:32:06,856 [INFO]       00011CE0: F9 49 20 61 6D 20 53 79 6D 62 6F 6C 69 20 52 75 64 6F 6C 66 2E 20 49 20 68 6F 6C 64 20 74 68 65  |.I am Symboli Rudolf. I hold the|
2026-04-05 01:32:06,856 [INFO]       00011D00: 20 68 6F 6E 6F 72 20 6F 66 20 62 65 69 6E 67 20 74 68 65 20 22 45 6D 70 65 72 6F 72 22 20 77 68  | honor of being the "Emperor" wh|
2026-04-05 01:32:06,856 [INFO]       00011D20: [DA 0D 03 00] 59 00 00 00 12 00 00 00 00 00 00 00 D0 AF 5A A8 74 01 00 00 12 00 00 00 00 00 00 00  |....Y.............Z.t...........|
2026-04-05 01:32:06,856 [INFO]       00011D40: B5 86 01 00 59 00 00 00 1F 00 00 00 00 00 00 00 10 0B 5C A8 74 01 00 00 1F 00 00 00 00 00 00 00  |....Y.............\.t...........|
2026-04-05 01:32:06,856 [INFO] 
    -- ID 200722 (raw_le32(200722)) at offset 75040 --
2026-04-05 01:32:06,856 [INFO]       000124E0: 6E 0E 03 00 59 00 00 00 16 00 00 00 00 00 00 00 B0 AD 5A A8 74 01 00 00 0D 00 00 00 00 00 00 00  |n...Y.............Z.t...........|
2026-04-05 01:32:06,856 [INFO]       00012500: 05 12 03 00 59 00 00 00 0E 00 00 00 00 00 00 00 D0 BD 5A A8 74 01 00 00 0E 00 00 00 00 00 00 00  |....Y.............Z.t...........|
2026-04-05 01:32:06,856 [INFO]       00012520: [12 10 03 00] 59 00 00 00 08 00 00 00 00 00 00 00 50 42 60 A8 74 01 00 00 08 00 00 00 00 00 00 00  |....Y...........PB`.t...........|
2026-04-05 01:32:06,856 [INFO]       00012540: 51 06 02 02 02 81 77 00 A3 00 A3 03 E9 4D 79 20 6E 61 6D 65 27 73 20 53 70 65 63 69 61 6C 20 57  |Q.....w......My name's Special W|
2026-04-05 01:32:06,857 [INFO] 
    -- ID 200652 (raw_le32(200652)) at offset 76736 --
2026-04-05 01:32:06,857 [INFO]       00012B80: 07 10 03 00 59 00 00 00 0B 00 00 00 00 00 00 00 50 B5 5A A8 74 01 00 00 0B 00 00 00 00 00 00 00  |....Y...........P.Z.t...........|
2026-04-05 01:32:06,857 [INFO]       00012BA0: 09 13 03 00 59 00 00 00 12 00 00 00 00 00 00 00 90 C9 5A A8 74 01 00 00 12 00 00 00 00 00 00 00  |....Y.............Z.t...........|
2026-04-05 01:32:06,857 [INFO]       00012BC0: [CC 0F 03 00] 59 00 00 00 0E 00 00 00 00 00 00 00 D0 B3 5A A8 74 01 00 00 0E 00 00 00 00 00 00 00  |....Y.............Z.t...........|
2026-04-05 01:32:06,857 [INFO]       00012BE0: 9B 0D 03 00 59 00 00 00 2A 00 00 00 00 00 00 00 80 10 56 A8 74 01 00 00 17 00 00 00 00 00 00 00  |....Y...*.........V.t...........|
2026-04-05 01:32:06,857 [INFO] 
    -- ID 200441 (raw_le32(200441)) at offset 87552 --
2026-04-05 01:32:06,857 [INFO]       000155C0: 92 12 03 00 59 00 00 00 0E 00 00 00 00 00 00 00 90 BF 5A A8 74 01 00 00 0E 00 00 00 00 00 00 00  |....Y.............Z.t...........|
2026-04-05 01:32:06,857 [INFO]       000155E0: 4B 0D 03 00 59 00 00 00 1C 00 00 00 00 00 00 00 70 BC 60 A8 74 01 00 00 10 00 00 00 00 00 00 00  |K...Y...........p.`.t...........|
2026-04-05 01:32:06,857 [INFO]       00015600: [F9 0E 03 00] 59 00 00 00 09 00 00 00 00 00 00 00 B0 B2 5A A8 74 01 00 00 09 00 00 00 00 00 00 00  |....Y.............Z.t...........|
2026-04-05 01:32:06,857 [INFO]       00015620: 02 02 15 00 A0 00 A0 03 FC 54 75 72 66 0F E5 5A 05 02 02 02 15 00 A0 00 A0 03 FA 54 75 72 66 0F  |.........Turf..Z...........Turf.|
2026-04-05 01:32:06,857 [INFO] 
    -- ID 201152 (raw_le32(201152)) at offset 89696 --
2026-04-05 01:32:06,857 [INFO]       00015E20: 4F 13 03 00 59 00 00 00 24 00 00 00 00 00 00 00 80 37 7F A8 74 01 00 00 14 00 00 00 00 00 00 00  |O...Y...$........7..t...........|
2026-04-05 01:32:06,857 [INFO]       00015E40: 03 BE 0D 00 59 00 00 00 0D 00 00 00 00 00 00 00 90 D2 5A A8 74 01 00 00 0D 00 00 00 00 00 00 00  |....Y.............Z.t...........|
2026-04-05 01:32:06,857 [INFO]       00015E60: [C0 11 03 00] 59 00 00 00 06 00 00 00 00 00 00 00 A0 41 60 A8 74 01 00 00 06 00 00 00 00 00 00 00  |....Y............A`.t...........|
2026-04-05 01:32:06,857 [INFO]       00015E80: 5E 0F 03 00 59 00 00 00 0A 00 00 00 00 00 00 00 10 B9 5A A8 74 01 00 00 0A 00 00 00 00 00 00 00  |^...Y.............Z.t...........|
2026-04-05 01:32:06,858 [INFO] 
    -- ID 200152 (raw_le32(200152)) at offset 99360 --
2026-04-05 01:32:06,858 [INFO]       000183E0: 04 0E 45 61 74 69 6E 67 20 73 6E 61 63 6B 73 20 77 69 74 68 20 74 65 61 26 E7 7B 05 02 02 02 43  |..Eating snacks with tea&.{....C|
2026-04-05 01:32:06,858 [INFO]       00018400: A9 0E 03 00 59 00 00 00 20 00 00 00 00 00 00 00 C0 36 7F A8 74 01 00 00 20 00 00 00 00 00 00 00  |....Y... ........6..t... .......|
2026-04-05 01:32:06,858 [INFO]       00018420: [D8 0D 03 00] 59 00 00 00 2F 00 00 00 00 00 00 00 40 28 56 A8 74 01 00 00 2F 00 00 00 00 00 00 00  |....Y.../.......@(V.t.../.......|
2026-04-05 01:32:06,858 [INFO]       00018440: 00 A5 04 0B 4E 6F 74 20 67 6F 69 6E 67 20 61 6C 6C 20 6F 75 74 21 2D E7 78 05 02 02 02 51 00 A5  |....Not going all out!-.x....Q..|
2026-04-05 01:32:06,858 [INFO] 
    -- ID 200154 (raw_le32(200154)) at offset 106816 --
2026-04-05 01:32:06,858 [INFO]       0001A100: 0B D8 0B B4 0B 90 0B 6C 0B 48 0B 1F 0A FB 0A D7 0A B3 0A 8F 0A 6B 0A 47 0A 23 09 E9 09 B7 09 6E  |.......l.H...........k.G.#.....n|
2026-04-05 01:32:06,858 [INFO]       0001A120: 09 28 08 D4 08 72 08 42 07 F4 07 BC 07 78 07 1E 06 C6 06 9B 06 47 05 F2 05 A4 05 4D 05 00 04 BF  |.(...r.B.....x.......G.....M....|
2026-04-05 01:32:06,858 [INFO]       0001A140: [DA 0D 03 00] 59 00 00 00 3E 00 00 00 00 00 00 00 90 83 5B A8 74 01 00 00 3E 00 00 00 00 00 00 00  |....Y...>.........[.t...>.......|
2026-04-05 01:32:06,858 [INFO]       0001A160: B5 86 01 00 59 00 00 00 78 00 00 00 00 00 00 00 00 09 CF A7 74 01 00 00 78 00 00 00 00 00 00 00  |....Y...x...........t...x.......|
2026-04-05 01:32:06,858 [INFO] 
    -- ID 200722 (raw_le32(200722)) at offset 108864 --
2026-04-05 01:32:06,858 [INFO]       0001A900: 6E 0E 03 00 59 00 00 00 3B 00 00 00 00 00 00 00 50 7D 5B A8 74 01 00 00 3B 00 00 00 00 00 00 00  |n...Y...;.......P}[.t...;.......|
2026-04-05 01:32:06,858 [INFO]       0001A920: 05 12 03 00 59 00 00 00 5C 00 00 00 00 00 00 00 50 D0 59 A8 74 01 00 00 5C 00 00 00 00 00 00 00  |....Y...\.......P.Y.t...\.......|
2026-04-05 01:32:06,858 [INFO]       0001A940: [12 10 03 00] 59 00 00 00 59 00 00 00 00 00 00 00 B0 53 60 A8 74 01 00 00 59 00 00 00 00 00 00 00  |....Y...Y........S`.t...Y.......|
2026-04-05 01:32:06,859 [INFO]       0001A960: 68 6F 74 20 73 70 72 69 6E 67 73 2C 20 61 6E 64 20 6B 6E 6F 77 73 20 6F 66 20 61 74 20 6C 65 61  |hot springs, and knows of at lea|
2026-04-05 01:32:06,859 [INFO] 
    -- ID 200652 (raw_le32(200652)) at offset 110560 --
2026-04-05 01:32:06,859 [INFO]       0001AFA0: 07 10 03 00 59 00 00 00 44 00 00 00 00 00 00 00 70 1B 5B A8 74 01 00 00 44 00 00 00 00 00 00 00  |....Y...D.......p.[.t...D.......|
2026-04-05 01:32:06,859 [INFO]       0001AFC0: 09 13 03 00 59 00 00 00 2A 00 00 00 00 00 00 00 C0 4C 56 A8 74 01 00 00 2A 00 00 00 00 00 00 00  |....Y...*........LV.t...*.......|
2026-04-05 01:32:06,859 [INFO]       0001AFE0: [CC 0F 03 00] 59 00 00 00 36 00 00 00 00 00 00 00 C0 2F 56 A8 74 01 00 00 36 00 00 00 00 00 00 00  |....Y...6......../V.t...6.......|
2026-04-05 01:32:06,859 [INFO]       0001B000: 9B 0D 03 00 59 00 00 00 2C 00 00 00 00 00 00 00 C0 1E 56 A8 74 01 00 00 2C 00 00 00 00 00 00 00  |....Y...,.........V.t...,.......|
2026-04-05 01:32:06,859 [INFO] 
    -- ID 200441 (raw_le32(200441)) at offset 121376 --
2026-04-05 01:32:06,859 [INFO]       0001D9E0: 92 12 03 00 59 00 00 00 56 00 00 00 00 00 00 00 30 84 5C A8 74 01 00 00 56 00 00 00 00 00 00 00  |....Y...V.......0.\.t...V.......|
2026-04-05 01:32:06,859 [INFO]       0001DA00: 4B 0D 03 00 59 00 00 00 2C 00 00 00 00 00 00 00 C0 11 56 A8 74 01 00 00 2C 00 00 00 00 00 00 00  |K...Y...,.........V.t...,.......|
2026-04-05 01:32:06,859 [INFO]       0001DA20: [F9 0E 03 00] 59 00 00 00 46 00 00 00 00 00 00 00 D0 89 5B A8 74 01 00 00 46 00 00 00 00 00 00 00  |....Y...F.........[.t...F.......|
2026-04-05 01:32:06,860 [INFO]       0001DA40: 20 47 6F 20 4D 65 73 73 61 67 65 14 F1 3B 05 01 01 02 23 3B 3B 27 4A 47 69 72 6C 73 20 53 75 6E  | Go Message..;....#;;'JGirls Sun|
2026-04-05 01:32:06,860 [INFO] 
    -- ID 201152 (raw_le32(201152)) at offset 123520 --
2026-04-05 01:32:06,860 [INFO]       0001E240: 4F 13 03 00 59 00 00 00 3A 00 00 00 00 00 00 00 60 17 5B A8 74 01 00 00 3A 00 00 00 00 00 00 00  |O...Y...:.......`.[.t...:.......|
2026-04-05 01:32:06,860 [INFO]       0001E260: 03 BE 0D 00 59 00 00 00 60 00 00 00 00 00 00 00 A0 BC 59 A8 74 01 00 00 60 00 00 00 00 00 00 00  |....Y...`.........Y.t...`.......|
2026-04-05 01:32:06,860 [INFO]       0001E280: [C0 11 03 00] 59 00 00 00 5F 00 00 00 00 00 00 00 F0 66 60 A8 74 01 00 00 5F 00 00 00 00 00 00 00  |....Y..._........f`.t..._.......|
2026-04-05 01:32:06,861 [INFO]       0001E2A0: 5E 0F 03 00 59 00 00 00 45 00 00 00 00 00 00 00 60 7C 5B A8 74 01 00 00 45 00 00 00 00 00 00 00  |^...Y...E.......`|[.t...E.......|
2026-04-05 01:32:06,861 [INFO] 
2026-04-05 01:32:06,861 [INFO] ============================================================
2026-04-05 01:32:06,861 [INFO]   NO MSGPACK STRUCTURE FOUND
2026-04-05 01:32:06,861 [INFO] ============================================================
2026-04-05 01:32:06,861 [INFO] 
2026-04-05 01:32:06,861 [INFO]   The target IDs were found in memory but NOT inside MsgPack containers.
2026-04-05 01:32:06,861 [INFO]   This likely means the data is stored as:
2026-04-05 01:32:06,861 [INFO]     - Native C# objects on Unity's managed heap
2026-04-05 01:32:06,861 [INFO]     - A different serialization format (protobuf, flatbuffers, etc.)
2026-04-05 01:32:06,861 [INFO] 
2026-04-05 01:32:06,861 [INFO]   Next steps:
2026-04-05 01:32:06,861 [INFO]     1. Check hunt_debug.log for full hex dumps and nearby strings
2026-04-05 01:32:06,861 [INFO]     2. If you see regular struct spacing, try struct extraction
2026-04-05 01:32:06,861 [INFO]     3. Consider hooking the game's API response handler with Frida
2026-04-05 01:32:06,862 [INFO] 
  Analysis saved to: C:\Users\nikit\Documents\UmaExtractor\py\hunt_analysis.json
2026-04-05 01:32:06,862 [INFO]   Debug log saved to: C:\Users\nikit\Documents\UmaExtractor\py\hunt_debug.log
