2026-04-05 01:51:22,263 [INFO] ============================================================
2026-04-05 01:51:22,264 [INFO]   Uma Musume API Interceptor
2026-04-05 01:51:22,264 [INFO]   Looking for IDs: [200154, 200152, 200441, 200652, 200722, 201152]
2026-04-05 01:51:22,264 [INFO]   Debug log: C:\Users\nikit\Documents\UmaExtractor\py\intercept_debug.log
2026-04-05 01:51:22,264 [INFO]   Output dir: C:\Users\nikit\Documents\UmaExtractor\py\intercepted_responses
2026-04-05 01:51:22,264 [INFO] ============================================================
2026-04-05 01:51:22,264 [INFO] 
2026-04-05 01:51:22,265 [INFO]   HOW TO USE:
2026-04-05 01:51:22,265 [INFO]   1. Start this script while on a DIFFERENT page (e.g. home)
2026-04-05 01:51:22,265 [INFO]   2. Wait for 'Interceptor ready' message
2026-04-05 01:51:22,265 [INFO]   3. THEN navigate to the skills/target page in-game
2026-04-05 01:51:22,265 [INFO]      (the script detects NEW MsgPack data appearing in memory)
2026-04-05 01:51:22,265 [INFO]   4. If the page was already open, go to home first, then back
2026-04-05 01:51:22,265 [INFO]   5. Results saved to intercepted_responses/
2026-04-05 01:51:22,265 [INFO] 
2026-04-05 01:51:22,457 [INFO] [OK] Attached: UmamusumePrettyDerby.exe
2026-04-05 01:51:22,463 [INFO] [*] Loading interceptor...
2026-04-05 01:51:22,465 [INFO] [*] Found GameAssembly.dll, scanning for hooks...
2026-04-05 01:51:47,464 [INFO] [*] Script load timed out, interceptor continues in background...
2026-04-05 01:51:47,464 [INFO] [*] Interceptor running (up to 600s)...
2026-04-05 01:51:47,464 [INFO] [*] Navigate to the page with the data you need.
2026-04-05 01:51:47,464 [INFO] [*] Press Ctrl+C to stop early.

2026-04-05 01:51:51,810 [INFO] 
[*] Interceptor ready. Navigate to the target page.
2026-04-05 01:51:51,811 [INFO] [*] >>> Navigate to the target page in the game NOW <<<

2026-04-05 01:52:33,110 [INFO] 
[*] Stopped by user.
2026-04-05 01:52:33,110 [INFO] 
2026-04-05 01:52:33,110 [INFO] ============================================================
2026-04-05 01:52:33,110 [INFO]   INTERCEPT SUMMARY
2026-04-05 01:52:33,110 [INFO] ============================================================
2026-04-05 01:52:33,110 [INFO]   Total MsgPack blobs captured: 0
2026-04-05 01:52:33,110 [INFO]   STATUS: No MsgPack-encoded target IDs detected
2026-04-05 01:52:33,110 [INFO] 
2026-04-05 01:52:33,110 [INFO]   Possible reasons:
2026-04-05 01:52:33,110 [INFO]     - The page wasn't loaded during monitoring
2026-04-05 01:52:33,110 [INFO]     - The data uses a different encoding (not MsgPack uint32)
2026-04-05 01:52:33,110 [INFO]     - The response is compressed/encrypted before MsgPack parsing
2026-04-05 01:52:33,110 [INFO] 
2026-04-05 01:52:33,110 [INFO]   Try:
2026-04-05 01:52:33,110 [INFO]     - Run this script, THEN navigate to the page
2026-04-05 01:52:33,110 [INFO]     - Try navigating away and back to force a fresh API call
2026-04-05 01:52:33,110 [INFO] 
  Output: C:\Users\nikit\Documents\UmaExtractor\py\intercepted_responses
2026-04-05 01:52:33,110 [INFO]   Debug log: C:\Users\nikit\Documents\UmaExtractor\py\intercept_debug.log
2026-04-05 01:52:33,110 [INFO] ============================================================
