2026-04-05 04:30:46,266 [INFO] ============================================================
2026-04-05 04:30:46,266 [INFO]   Uma Musume Skill Name Extractor
2026-04-05 04:30:46,266 [INFO]   Pulls skill ID → name from in-game MasterSkillData
2026-04-05 04:30:46,266 [INFO] ============================================================
2026-04-05 04:30:46,266 [INFO] 
2026-04-05 04:30:46,490 [INFO] [OK] Attached: UmamusumePrettyDerby.exe
2026-04-05 04:30:46,496 [INFO] [*] Loading skill name hooks...
2026-04-05 04:30:46,507 [INFO]   Hooks ready. Get=True, Name=True
2026-04-05 04:30:47,008 [INFO] 
2026-04-05 04:30:47,008 [INFO]   Hooks active. Navigate to skill learning screen or character details.
2026-04-05 04:30:47,008 [INFO]   Ctrl+C to stop and save.
2026-04-05 04:30:49,509 [INFO]   +27 skills (total: 27)
2026-04-05 04:30:55,432 [INFO] 
[*] Stopped.
2026-04-05 04:30:55,432 [INFO] 
2026-04-05 04:30:55,432 [INFO] ============================================================
2026-04-05 04:30:55,432 [INFO]   RESULTS
2026-04-05 04:30:55,432 [INFO] ============================================================
2026-04-05 04:30:55,432 [INFO]   Collected 27 skills
2026-04-05 04:30:55,432 [INFO]       100521  r=4  "Super-Duper Climax"
2026-04-05 04:30:55,432 [INFO]       200151  r=1  "Firm Conditions ◎"
2026-04-05 04:30:55,432 [INFO]       200152  r=1  "Firm Conditions ○"
2026-04-05 04:30:55,432 [INFO]       200154  r=2  "Firm Course Menace"
2026-04-05 04:30:55,432 [INFO]       200181  r=1  "Summer Runner ◎"
2026-04-05 04:30:55,432 [INFO]       200182  r=1  "Summer Runner ○"
2026-04-05 04:30:55,432 [INFO]       200301  r=1  "Long Shot ◎"
2026-04-05 04:30:55,432 [INFO]       200302  r=1  "Long Shot ○"
2026-04-05 04:30:55,432 [INFO]       200331  r=2  "Professor of Curvature"
2026-04-05 04:30:55,432 [INFO]       200332  r=1  "Corner Adept ○"
2026-04-05 04:30:55,432 [INFO]       200441  r=2  "Iron Will"
2026-04-05 04:30:55,432 [INFO]       200442  r=1  "Lay Low"
2026-04-05 04:30:55,432 [INFO]       200462  r=1  "Ramp Up"
2026-04-05 04:30:55,432 [INFO]       200471  r=2  "Indomitable"
2026-04-05 04:30:55,432 [INFO]       200472  r=1  "Pace Strategy"
2026-04-05 04:30:55,432 [INFO]       200582  r=1  "Prepared to Pass"
2026-04-05 04:30:55,432 [INFO]       200652  r=1  "Sprinting Gear"
2026-04-05 04:30:55,432 [INFO]       200722  r=1  "Up-Tempo"
2026-04-05 04:30:55,432 [INFO]       200891  r=1  "Subdued Late Surgers"
2026-04-05 04:30:55,432 [INFO]       200911  r=1  "Hesitant Late Surgers"
2026-04-05 04:30:55,432 [INFO]       201152  r=1  "Tether"
2026-04-05 04:30:55,432 [INFO]       201212  r=1  "Pressure"
2026-04-05 04:30:55,432 [INFO]       201412  r=1  "1,500,000 CC"
2026-04-05 04:30:55,432 [INFO]       201531  r=1  "Pace Chaser Savvy ◎"
2026-04-05 04:30:55,432 [INFO]       201532  r=1  "Pace Chaser Savvy ○"
2026-04-05 04:30:55,432 [INFO]       900161  r=1  "Shadow Break"
2026-04-05 04:30:55,432 [INFO]       900271  r=1  "Let's Pump Some Iron!"
2026-04-05 04:30:55,433 [INFO] 
  Saved: C:\Users\nikit\Documents\UmaExtractor\py\skill_id_map.json (27 entries)
2026-04-05 04:30:55,440 [INFO] 
2026-04-05 04:30:55,440 [INFO] ============================================================
2026-04-05 04:30:55,440 [INFO]   DECODED SKILL TREE
2026-04-05 04:30:55,440 [INFO] ============================================================
2026-04-05 04:30:55,440 [INFO] 
  CHARACTER-SPECIFIC (MasterAvailableSkillSet): 7
2026-04-05 04:30:55,440 [INFO]       200442  NeedRank=0  Lay Low
2026-04-05 04:30:55,440 [INFO]       200652  NeedRank=0  Sprinting Gear
2026-04-05 04:30:55,440 [INFO]       201412  NeedRank=0  1,500,000 CC
2026-04-05 04:30:55,440 [INFO]       200472  NeedRank=2  Pace Strategy
2026-04-05 04:30:55,440 [INFO]       200441  NeedRank=3  Iron Will
2026-04-05 04:30:55,440 [INFO]       200302  NeedRank=4  Long Shot ○
2026-04-05 04:30:55,440 [INFO]       200471  NeedRank=5  Indomitable
2026-04-05 04:30:55,440 [INFO] 
  ALREADY ACQUIRED: 1
2026-04-05 04:30:55,440 [INFO]       100521  lvl=3  Super-Duper Climax
2026-04-05 04:30:55,440 [INFO] 
  BUYABLE SKILLS: 26
2026-04-05 04:30:55,441 [INFO]           ID   Cost   Base  Hint  Disc  Name
2026-04-05 04:30:55,441 [INFO]     --------  -----  -----  ----  ----  --------------------
2026-04-05 04:30:55,441 [INFO]       900271    120    200     5   40%  Let's Pump Some Iron!
2026-04-05 04:30:55,441 [INFO]       900161    180    200     1   10%  Shadow Break
2026-04-05 04:30:55,441 [INFO]       200154    117    130     1   10%  Firm Course Menace
2026-04-05 04:30:55,441 [INFO]       200152     63     90     3   30%  Firm Conditions ○
2026-04-05 04:30:55,441 [INFO]       200151     77    110     3   30%  Firm Conditions ◎
2026-04-05 04:30:55,441 [INFO]       200182     81     90     1   10%  Summer Runner ○
2026-04-05 04:30:55,441 [INFO]       200181     99    110     1   10%  Summer Runner ◎
2026-04-05 04:30:55,441 [INFO]       200302     90     90     0    0%  Long Shot ○
2026-04-05 04:30:55,441 [INFO]       200301    110    110     0    0%  Long Shot ◎
2026-04-05 04:30:55,441 [INFO]       200331    162    180     1   10%  Professor of Curvature
2026-04-05 04:30:55,441 [INFO]       200332    180    180     0    0%  Corner Adept ○
2026-04-05 04:30:55,441 [INFO]       200441    160    160     0    0%  Iron Will
2026-04-05 04:30:55,441 [INFO]       200442    160    160     0    0%  Lay Low
2026-04-05 04:30:55,441 [INFO]       200462    153    170     1   10%  Ramp Up
2026-04-05 04:30:55,441 [INFO]       200471    170    170     0    0%  Indomitable
2026-04-05 04:30:55,441 [INFO]       200472    170    170     0    0%  Pace Strategy
2026-04-05 04:30:55,441 [INFO]       200582    108    180     5   40%  Prepared to Pass
2026-04-05 04:30:55,441 [INFO]       200652    160    160     0    0%  Sprinting Gear
2026-04-05 04:30:55,441 [INFO]       200722    104    160     4   35%  Up-Tempo
2026-04-05 04:30:55,441 [INFO]       200891    117    130     1   10%  Subdued Late Surgers
2026-04-05 04:30:55,441 [INFO]       200911    117    130     1   10%  Hesitant Late Surgers
2026-04-05 04:30:55,441 [INFO]       201152    144    160     1   10%  Tether
2026-04-05 04:30:55,441 [INFO]       201212    144    160     1   10%  Pressure
2026-04-05 04:30:55,441 [INFO]       201412    120    120     0    0%  1,500,000 CC
2026-04-05 04:30:55,441 [INFO]       201532     99    110     1   10%  Pace Chaser Savvy ○
2026-04-05 04:30:55,441 [INFO]       201531    117    130     1   10%  Pace Chaser Savvy ◎
2026-04-05 04:30:55,442 [INFO] 
  Saved: C:\Users\nikit\Documents\UmaExtractor\py\decoded_skills.json
2026-04-05 04:30:55,442 [INFO]   Log: C:\Users\nikit\Documents\UmaExtractor\py\map_skills.log
2026-04-05 04:30:55,442 [INFO] ============================================================
